Archive member included to satisfy reference by file (symbol)

C:\Users\a5143778\e2_studio\customized_workspace\RA6T3_MCILV1_SPM_LESS_FOC_E2S_V101\ra\fsp\lib\rm_motor_current\cm33_gcc\librm_motor_current.a(rm_motor_current_pi_gain_calc.o)
                              ./ra/fsp/src/rm_motor_current/rm_motor_current.o (rm_motor_current_pi_gain_calc)
C:\Users\a5143778\e2_studio\customized_workspace\RA6T3_MCILV1_SPM_LESS_FOC_E2S_V101\ra\fsp\lib\rm_motor_current\cm33_gcc\librm_motor_current.a(rm_motor_volt_error_comp.o)
                              ./ra/fsp/src/rm_motor_current/rm_motor_current.o (rm_motor_voltage_error_compensation_init)
C:\Users\a5143778\e2_studio\customized_workspace\RA6T3_MCILV1_SPM_LESS_FOC_E2S_V101\ra\fsp\lib\rm_motor_estimate\cm33_gcc\librm_motor_estimate.a(rm_motor_estimate_bemf_observer.o)
                              ./ra/fsp/src/rm_motor_estimate/rm_motor_estimate.o (rm_motor_estimate_bemf_observer)
C:\Users\a5143778\e2_studio\customized_workspace\RA6T3_MCILV1_SPM_LESS_FOC_E2S_V101\ra\fsp\lib\rm_motor_speed\cm33_gcc\librm_motor_speed.a(rm_motor_speed_disturbance_observer.o)
                              ./ra/fsp/src/rm_motor_speed/rm_motor_speed.o (rm_motor_speed_disturbance_observer_init)
C:\Users\a5143778\e2_studio\customized_workspace\RA6T3_MCILV1_SPM_LESS_FOC_E2S_V101\ra\fsp\lib\rm_motor_speed\cm33_gcc\librm_motor_speed.a(rm_motor_speed_fluxwkn.o)
                              ./ra/fsp/src/rm_motor_speed/rm_motor_speed.o (rm_motor_speed_fluxwkn_reset)
C:\Users\a5143778\e2_studio\customized_workspace\RA6T3_MCILV1_SPM_LESS_FOC_E2S_V101\ra\fsp\lib\rm_motor_speed\cm33_gcc\librm_motor_speed.a(rm_motor_speed_gain_calc.o)
                              ./ra/fsp/src/rm_motor_speed/rm_motor_speed.o (rm_motor_speed_pi_gain_calc)
C:\Users\a5143778\e2_studio\customized_workspace\RA6T3_MCILV1_SPM_LESS_FOC_E2S_V101\ra\fsp\lib\rm_motor_speed\cm33_gcc\librm_motor_speed.a(rm_motor_speed_observer.o)
                              ./ra/fsp/src/rm_motor_speed/rm_motor_speed.o (rm_motor_speed_observer_init)
C:\Users\a5143778\e2_studio\customized_workspace\RA6T3_MCILV1_SPM_LESS_FOC_E2S_V101\ra\fsp\lib\rm_motor_speed\cm33_gcc\librm_motor_speed.a(rm_motor_speed_opl2less.o)
                              ./ra/fsp/src/rm_motor_speed/rm_motor_speed.o (rm_motor_speed_opl2less_iq_calc)
C:\Users\a5143778\e2_studio\customized_workspace\RA6T3_MCILV1_SPM_LESS_FOC_E2S_V101\ra\fsp\lib\rm_motor_speed\cm33_gcc\librm_motor_speed.a(rm_motor_speed_opl_damp_ctrl.o)
                              ./ra/fsp/src/rm_motor_speed/rm_motor_speed.o (rm_motor_speed_opl_damp_ctrl)
c:/program files (x86)/gnu arm embedded toolchain/10 2021.10/bin/../lib/gcc/arm-none-eabi/10.3.1/../../../../arm-none-eabi/lib/thumb/v8-m.main+fp/hard\libg_nano.a(lib_a-errno.o)
                              ./ra/fsp/src/bsp/mcu/all/bsp_sbrk.o (__errno)
c:/program files (x86)/gnu arm embedded toolchain/10 2021.10/bin/../lib/gcc/arm-none-eabi/10.3.1/../../../../arm-none-eabi/lib/thumb/v8-m.main+fp/hard\libg_nano.a(lib_a-exit.o)
                              c:/program files (x86)/gnu arm embedded toolchain/10 2021.10/bin/../lib/gcc/arm-none-eabi/10.3.1/../../../../arm-none-eabi/lib/thumb/v8-m.main+fp/hard/rdimon-crt0.o (exit)
c:/program files (x86)/gnu arm embedded toolchain/10 2021.10/bin/../lib/gcc/arm-none-eabi/10.3.1/../../../../arm-none-eabi/lib/thumb/v8-m.main+fp/hard\libg_nano.a(lib_a-impure.o)
                              c:/program files (x86)/gnu arm embedded toolchain/10 2021.10/bin/../lib/gcc/arm-none-eabi/10.3.1/../../../../arm-none-eabi/lib/thumb/v8-m.main+fp/hard\libg_nano.a(lib_a-exit.o) (_global_impure_ptr)
c:/program files (x86)/gnu arm embedded toolchain/10 2021.10/bin/../lib/gcc/arm-none-eabi/10.3.1/../../../../arm-none-eabi/lib/thumb/v8-m.main+fp/hard\libg_nano.a(lib_a-init.o)
                              c:/program files (x86)/gnu arm embedded toolchain/10 2021.10/bin/../lib/gcc/arm-none-eabi/10.3.1/../../../../arm-none-eabi/lib/thumb/v8-m.main+fp/hard/rdimon-crt0.o (__libc_init_array)
c:/program files (x86)/gnu arm embedded toolchain/10 2021.10/bin/../lib/gcc/arm-none-eabi/10.3.1/../../../../arm-none-eabi/lib/thumb/v8-m.main+fp/hard\libg_nano.a(lib_a-memcpy-stub.o)
                              ./src/application/main/mtr_main.o (memcpy)
c:/program files (x86)/gnu arm embedded toolchain/10 2021.10/bin/../lib/gcc/arm-none-eabi/10.3.1/../../../../arm-none-eabi/lib/thumb/v8-m.main+fp/hard\libg_nano.a(lib_a-memset.o)
                              c:/program files (x86)/gnu arm embedded toolchain/10 2021.10/bin/../lib/gcc/arm-none-eabi/10.3.1/../../../../arm-none-eabi/lib/thumb/v8-m.main+fp/hard/rdimon-crt0.o (memset)
c:/program files (x86)/gnu arm embedded toolchain/10 2021.10/bin/../lib/gcc/arm-none-eabi/10.3.1/../../../../arm-none-eabi/lib/thumb/v8-m.main+fp/hard\librdimon_nano.a(rdimon-syscalls.o)
[...]
Memory Configuration

Name             Origin             Length             Attributes
ITCM             0x00000000         0x00000000         xr
DTCM             0x00000000         0x00000000         xrw
FLASH            0x00000000         0x00040000         xr
RAM              0x20000000         0x0000a000         xrw
DATA_FLASH       0x08000000         0x00001000         xr
QSPI_FLASH       0x60000000         0x00000000         xr
OSPI_DEVICE_0    0x80020000         0x00000000         xr
OSPI_DEVICE_1    0x80030000         0x00000000         xr
OSPI_DEVICE_0_RAM 0x80020000         0x00000000         xrw
OSPI_DEVICE_1_RAM 0x80030000         0x00000000         xrw
SDRAM            0x80010000         0x00000000         xrw
OPTION_SETTING   0x0100a100         0x00000100         r
OPTION_SETTING_OFS 0x0100a100         0x00000018         r
OPTION_SETTING_SAS 0x0100a134         0x000000cc         r
OPTION_SETTING_S 0x0100a200         0x00000100         r
ID_CODE          0x0100a120         0x00000010         xr
*default*        0x00000000         0xffffffff

Linker script and memory map

LOAD c:/program files (x86)/gnu arm embedded toolchain/10 2021.10/bin/../lib/gcc/arm-none-eabi/10.3.1/thumb/v8-m.main+fp/hard/crti.o
LOAD c:/program files (x86)/gnu arm embedded toolchain/10 2021.10/bin/../lib/gcc/arm-none-eabi/10.3.1/thumb/v8-m.main+fp/hard/crtbegin.o
LOAD c:/program files (x86)/gnu arm embedded toolchain/10 2021.10/bin/../lib/gcc/arm-none-eabi/10.3.1/../../../../arm-none-eabi/lib/thumb/v8-m.main+fp/hard/rdimon-crt0.o
START GROUP
LOAD ./src/application/user_interface/ics/r_mtr_ics.o
LOAD ./src/application/main/mtr_main.o
LOAD ./src/hal_entry.o
LOAD ./ra_gen/common_data.o
LOAD ./ra_gen/elc_data.o
LOAD ./ra_gen/hal_data.o
LOAD ./ra_gen/main.o
LOAD ./ra_gen/pin_data.o
LOAD ./ra_gen/vector_data.o
LOAD ./ra/fsp/src/rm_motor_speed/rm_motor_speed.o
LOAD ./ra/fsp/src/rm_motor_sensorless/rm_motor_sensorless.o
LOAD ./ra/fsp/src/rm_motor_estimate/rm_motor_estimate.o
LOAD ./ra/fsp/src/rm_motor_driver/rm_motor_driver.o
LOAD ./ra/fsp/src/rm_motor_current/rm_motor_current.o
LOAD ./ra/fsp/src/r_poeg/r_poeg.o
LOAD ./ra/fsp/src/r_ioport/r_ioport.o
LOAD ./ra/fsp/src/r_gpt_three_phase/r_gpt_three_phase.o
LOAD ./ra/fsp/src/r_gpt/r_gpt.o
LOAD ./ra/fsp/src/r_elc/r_elc.o
LOAD ./ra/fsp/src/r_agt/r_agt.o
LOAD ./ra/fsp/src/r_adc/r_adc.o
LOAD ./ra/fsp/src/bsp/mcu/all/bsp_clocks.o
LOAD ./ra/fsp/src/bsp/mcu/all/bsp_common.o
LOAD ./ra/fsp/src/bsp/mcu/all/bsp_delay.o
LOAD ./ra/fsp/src/bsp/mcu/all/bsp_group_irq.o
LOAD ./ra/fsp/src/bsp/mcu/all/bsp_guard.o
LOAD ./ra/fsp/src/bsp/mcu/all/bsp_io.o
LOAD ./ra/fsp/src/bsp/mcu/all/bsp_irq.o
LOAD ./ra/fsp/src/bsp/mcu/all/bsp_macl.o
LOAD ./ra/fsp/src/bsp/mcu/all/bsp_register_protection.o
LOAD ./ra/fsp/src/bsp/mcu/all/bsp_rom_registers.o
LOAD ./ra/fsp/src/bsp/mcu/all/bsp_sbrk.o
LOAD ./ra/fsp/src/bsp/mcu/all/bsp_sdram.o
LOAD ./ra/fsp/src/bsp/mcu/all/bsp_security.o
LOAD ./ra/fsp/src/bsp/cmsis/Device/RENESAS/Source/startup.o
LOAD ./ra/fsp/src/bsp/cmsis/Device/RENESAS/Source/system.o
LOAD ./ra/board/ra6t3_mck/board_init.o
LOAD ./ra/board/ra6t3_mck/board_leds.o
LOAD C:/Users/a5143778/e2_studio/customized_workspace/RA6T3_MCILV1_SPM_LESS_FOC_E2S_V101/src/application/user_interface/ics/ICS2_RA6T3.o
LOAD C:\Users\a5143778\e2_studio\customized_workspace\RA6T3_MCILV1_SPM_LESS_FOC_E2S_V101\ra\fsp\lib\rm_motor_current\cm33_gcc\librm_motor_current.a
LOAD C:\Users\a5143778\e2_studio\customized_workspace\RA6T3_MCILV1_SPM_LESS_FOC_E2S_V101\ra\fsp\lib\rm_motor_estimate\cm33_gcc\librm_motor_estimate.a
LOAD C:\Users\a5143778\e2_studio\customized_workspace\RA6T3_MCILV1_SPM_LESS_FOC_E2S_V101\ra\fsp\lib\rm_motor_speed\cm33_gcc\librm_motor_speed.a
END GROUP
START GROUP
LOAD c:/program files (x86)/gnu arm embedded toolchain/10 2021.10/bin/../lib/gcc/arm-none-eabi/10.3.1/thumb/v8-m.main+fp/hard\libgcc.a
LOAD c:/program files (x86)/gnu arm embedded toolchain/10 2021.10/bin/../lib/gcc/arm-none-eabi/10.3.1/../../../../arm-none-eabi/lib/thumb/v8-m.main+fp/hard\libg_nano.a
LOAD c:/program files (x86)/gnu arm embedded toolchain/10 2021.10/bin/../lib/gcc/arm-none-eabi/10.3.1/../../../../arm-none-eabi/lib/thumb/v8-m.main+fp/hard\libc_nano.a
END GROUP
START GROUP
LOAD c:/program files (x86)/gnu arm embedded toolchain/10 2021.10/bin/../lib/gcc/arm-none-eabi/10.3.1/thumb/v8-m.main+fp/hard\libgcc.a
LOAD c:/program files (x86)/gnu arm embedded toolchain/10 2021.10/bin/../lib/gcc/arm-none-eabi/10.3.1/../../../../arm-none-eabi/lib/thumb/v8-m.main+fp/hard\libc_nano.a
LOAD c:/program files (x86)/gnu arm embedded toolchain/10 2021.10/bin/../lib/gcc/arm-none-eabi/10.3.1/../../../../arm-none-eabi/lib/thumb/v8-m.main+fp/hard\librdimon_nano.a
END GROUP
START GROUP
LOAD c:/program files (x86)/gnu arm embedded toolchain/10 2021.10/bin/../lib/gcc/arm-none-eabi/10.3.1/thumb/v8-m.main+fp/hard\libgcc.a
LOAD c:/program files (x86)/gnu arm embedded toolchain/10 2021.10/bin/../lib/gcc/arm-none-eabi/10.3.1/../../../../arm-none-eabi/lib/thumb/v8-m.main+fp/hard\libc_nano.a
LOAD c:/program files (x86)/gnu arm embedded toolchain/10 2021.10/bin/../lib/gcc/arm-none-eabi/10.3.1/../../../../arm-none-eabi/lib/thumb/v8-m.main+fp/hard\librdimon_nano.a
END GROUP
LOAD c:/program files (x86)/gnu arm embedded toolchain/10 2021.10/bin/../lib/gcc/arm-none-eabi/10.3.1/thumb/v8-m.main+fp/hard/crtend.o
LOAD c:/program files (x86)/gnu arm embedded toolchain/10 2021.10/bin/../lib/gcc/arm-none-eabi/10.3.1/thumb/v8-m.main+fp/hard/crtn.o
                0x20000000                RAM_START = 0x20000000
                0x0000a000                RAM_LENGTH = 0xa000
                0x00000000                FLASH_START = 0x0
                0x00040000                FLASH_LENGTH = 0x40000
                0x08000000                DATA_FLASH_START = 0x8000000
                0x00001000                DATA_FLASH_LENGTH = 0x1000
                0x0100a100                OPTION_SETTING_START = 0x100a100
                0x00000100                OPTION_SETTING_LENGTH = 0x100
                0x0100a200                OPTION_SETTING_S_START = 0x100a200
                0x00000100                OPTION_SETTING_S_LENGTH = 0x100
                0x0100a120                ID_CODE_START = 0x100a120
                0x00000010                ID_CODE_LENGTH = 0x10
                0x80010000                SDRAM_START = 0x80010000
                0x00000000                SDRAM_LENGTH = 0x0
                0x60000000                QSPI_FLASH_START = 0x60000000
                0x00000000                QSPI_FLASH_LENGTH = 0x0
                0x80020000                OSPI_DEVICE_0_START = 0x80020000
                0x00000000                OSPI_DEVICE_0_LENGTH = 0x0
                0x80030000                OSPI_DEVICE_1_START = 0x80030000
                0x00000000                OSPI_DEVICE_1_LENGTH = 0x0
                0x00000000                QSPI_FLASH_PRV_LENGTH = DEFINED (QSPI_FLASH_SIZE)?ABSOLUTE (QSPI_FLASH_SIZE):ABSOLUTE (QSPI_FLASH_LENGTH)
                0x00000000                OSPI_DEVICE_0_PRV_LENGTH = DEFINED (OSPI_DEVICE_0_SIZE)?ABSOLUTE (OSPI_DEVICE_0_SIZE):ABSOLUTE (OSPI_DEVICE_0_LENGTH)
                0x00000000                OSPI_DEVICE_1_PRV_LENGTH = DEFINED (OSPI_DEVICE_1_SIZE)?ABSOLUTE (OSPI_DEVICE_1_SIZE):ABSOLUTE (OSPI_DEVICE_1_LENGTH)
                0x00000000                __RESERVE_NS_RAM = ((! (DEFINED (PROJECT_NONSECURE)) && DEFINED (RAM_NS_BUFFER_LENGTH)) && (OPTION_SETTING_S_LENGTH != 0x0))
                0x00000000                ITCM_START = DEFINED (ITCM_START)?ITCM_START:0x0
                0x00000000                ITCM_LENGTH = DEFINED (ITCM_LENGTH)?ITCM_LENGTH:0x0
                0x00000000                DTCM_START = DEFINED (DTCM_START)?DTCM_START:0x0
                0x00000000                DTCM_LENGTH = DEFINED (DTCM_LENGTH)?DTCM_LENGTH:0x0
                0x00000000                RAM_NS_BUFFER_BLOCK_LENGTH = DEFINED (RAM_NS_BUFFER_LENGTH)?ALIGN (RAM_NS_BUFFER_LENGTH, 0x2000):0x0
                0x00000000                RAM_NS_BUFFER_LENGTH = DEFINED (RAM_NS_BUFFER_LENGTH)?RAM_NS_BUFFER_LENGTH:0x0
                0x2000a000                RAM_NS_BUFFER_START = ((RAM_START + RAM_LENGTH) - RAM_NS_BUFFER_LENGTH)
                0x2000a000                RAM_NS_BUFFER_BLOCK_START = ((RAM_START + RAM_LENGTH) - RAM_NS_BUFFER_BLOCK_LENGTH)
                0x0100a180                OPTION_SETTING_START_NS = DEFINED (PROJECT_NONSECURE)?OPTION_SETTING_START:(OPTION_SETTING_START + 0x80)
                0x00000001                __bl_FSP_BOOTABLE_IMAGE = 0x1
                0x00000001                __bln_FSP_BOOTABLE_IMAGE = 0x1
                0x00000001                PROJECT_SECURE_OR_FLAT = (((! (DEFINED (PROJECT_NONSECURE)) || DEFINED (PROJECT_SECURE)) && OPTION_SETTING_LENGTH) && ! (DEFINED (FSP_BOOTABLE_IMAGE)))
                0x00000000                USE_OPTION_SETTING_NS = (DEFINED (PROJECT_NONSECURE) && ! (DEFINED (FSP_BOOTABLE_IMAGE)))
                0x00000000                __bl_FLASH_IMAGE_START = ! (DEFINED (FLASH_BOOTLOADER_LENGTH))?0x0:(FLASH_APPLICATION_IMAGE_NUMBER == 0x1)?((FLASH_START + FLASH_BOOTLOADER_LENGTH) + FLASH_BOOTLOADER_HEADER_LENGTH):(DEFINED (BOOTLOADER_SECONDARY_USE_QSPI) || DEFINED (BOOTLOADER_SECONDARY_USE_OSPI_B))?(((FLASH_START + FLASH_BOOTLOADER_LENGTH) + FLASH_BOOTLOADER_SCRATCH_LENGTH) + FLASH_BOOTLOADER_HEADER_LENGTH):((((FLASH_START + FLASH_BOOTLOADER_LENGTH) + FLASH_BOOTLOADER_SCRATCH_LENGTH) + FLASH_APPLICATION_S_LENGTH) + FLASH_BOOTLOADER_HEADER_LENGTH)
                0x00000000                __bl_FLASH_IMAGE_LENGTH = ! (DEFINED (FLASH_BOOTLOADER_LENGTH))?0x0:(FLASH_APPLICATION_S_LENGTH - FLASH_BOOTLOADER_HEADER_LENGTH)
                0x00000000                __bl_FLASH_IMAGE_END = (__bl_FLASH_IMAGE_START + __bl_FLASH_IMAGE_LENGTH)
                0x00000000                __bl_XIP_SECONDARY_FLASH_IMAGE_START = ! (DEFINED (FLASH_BOOTLOADER_LENGTH))?0x0:(((FLASH_START + FLASH_BOOTLOADER_LENGTH) + FLASH_APPLICATION_S_LENGTH) + FLASH_BOOTLOADER_HEADER_LENGTH)
                0x00000000                __bl_XIP_SECONDARY_FLASH_IMAGE_END = (__bl_XIP_SECONDARY_FLASH_IMAGE_START + __bl_FLASH_IMAGE_LENGTH)
                0x00000000                __bl_FLASH_NS_START = ! (DEFINED (FLASH_BOOTLOADER_LENGTH))?0x0:(FLASH_APPLICATION_NS_LENGTH == 0x0)?__bl_FLASH_IMAGE_END:((__bl_FLASH_IMAGE_START - FLASH_BOOTLOADER_HEADER_LENGTH) + FLASH_APPLICATION_S_LENGTH)
                0x00000000                __bl_FLASH_NSC_START = ! (DEFINED (FLASH_BOOTLOADER_LENGTH))?0x0:(FLASH_APPLICATION_NS_LENGTH == 0x0)?__bl_FLASH_IMAGE_END:(__bl_FLASH_IMAGE_END - FLASH_APPLICATION_NSC_LENGTH)
                0x00000000                __bl_RAM_NS_START = ! (DEFINED (FLASH_BOOTLOADER_LENGTH))?0x0:(FLASH_APPLICATION_NS_LENGTH == 0x0)?(RAM_START + RAM_LENGTH):((RAM_START + RAM_LENGTH) - RAM_APPLICATION_NS_LENGTH)
                0x00000000                __bl_RAM_NSC_START = ! (DEFINED (FLASH_BOOTLOADER_LENGTH))?0x0:(FLASH_APPLICATION_NS_LENGTH == 0x0)?(RAM_START + RAM_LENGTH):(__bl_RAM_NS_START - RAM_APPLICATION_NSC_LENGTH)
                0x00000000                __bl_FLASH_NS_IMAGE_START = ! (DEFINED (FLASH_BOOTLOADER_LENGTH))?0x0:(FLASH_APPLICATION_NS_LENGTH == 0x0)?__bl_FLASH_IMAGE_END:(__bl_FLASH_NS_START + FLASH_BOOTLOADER_HEADER_LENGTH_2)
                0x00000000                __bln_FLASH_IMAGE_START = (__bl_FLASH_NS_IMAGE_START | ! (DEFINED (NS_OFFSET_START))?0x0:NS_OFFSET_START)
                0x00000000                __bln_FLASH_IMAGE_LENGTH = ! (DEFINED (FLASH_BOOTLOADER_LENGTH))?0x0:(FLASH_APPLICATION_NS_LENGTH == 0x0)?__bl_FLASH_IMAGE_END:(FLASH_APPLICATION_NS_LENGTH - FLASH_BOOTLOADER_HEADER_LENGTH_2)
                0x00000000                XIP_SECONDARY_SLOT_IMAGE = DEFINED (XIP_SECONDARY_SLOT_IMAGE)?XIP_SECONDARY_SLOT_IMAGE:0x0
                0x00000000                FLASH_ORIGIN = ! (DEFINED (FLASH_IMAGE_START))?FLASH_START:(XIP_SECONDARY_SLOT_IMAGE == 0x1)?XIP_SECONDARY_FLASH_IMAGE_START:FLASH_IMAGE_START
                0x00040000                LIMITED_FLASH_LENGTH = DEFINED (FLASH_IMAGE_LENGTH)?FLASH_IMAGE_LENGTH:DEFINED (FLASH_BOOTLOADER_LENGTH)?FLASH_BOOTLOADER_LENGTH:FLASH_LENGTH
                0x00000034                OPTION_SETTING_SAS_SIZE = 0x34
                0x000000cc                OPTION_SETTING_SAS_LENGTH = ! (DEFINED (OPTION_SETTING_LENGTH))?0x0:(OPTION_SETTING_LENGTH == 0x0)?0x0:(OPTION_SETTING_LENGTH - OPTION_SETTING_SAS_SIZE)
START GROUP
LOAD c:/program files (x86)/gnu arm embedded toolchain/10 2021.10/bin/../lib/gcc/arm-none-eabi/10.3.1/thumb/v8-m.main+fp/hard\libgcc.a
LOAD c:/program files (x86)/gnu arm embedded toolchain/10 2021.10/bin/../lib/gcc/arm-none-eabi/10.3.1/../../../../arm-none-eabi/lib/thumb/v8-m.main+fp/hard\libc.a
LOAD c:/program files (x86)/gnu arm embedded toolchain/10 2021.10/bin/../lib/gcc/arm-none-eabi/10.3.1/../../../../arm-none-eabi/lib/thumb/v8-m.main+fp/hard\libm.a
END GROUP

.text           0x00000000     0x8a44
                0x00000000                __tz_FLASH_S = ABSOLUTE (FLASH_START)
                0x00000000                __ROM_Start = .
 *(.fixed_vectors*)
 .fixed_vectors
                0x00000000       0x40 ./ra/fsp/src/bsp/cmsis/Device/RENESAS/Source/startup.o
                0x00000000                __Vectors
 *(.application_vectors*)
 .application_vectors
                0x00000040      0x180 ./ra_gen/vector_data.o
                0x00000040                g_vector_table
                0x000001c0                __Vectors_End = .
 *(.flash_gap*)
                0x000001c0                . = (OPTION_SETTING_LENGTH > 0x0)?.:(__ROM_Start + 0x400)
 *(.rom_registers*)
 *(.mcuboot_sce9_key*)
 *(.text*)
 .text          0x000001c0       0x40 c:/program files (x86)/gnu arm embedded toolchain/10 2021.10/bin/../lib/gcc/arm-none-eabi/10.3.1/thumb/v8-m.main+fp/hard/crtbegin.o
 .text.mtr_set_com_variables
                0x00000200      0x258 ./src/application/user_interface/ics/r_mtr_ics.o
                0x00000200                mtr_set_com_variables
 .text.mtr_ics_variables_init
                0x00000458      0x198 ./src/application/user_interface/ics/r_mtr_ics.o
                0x00000458                mtr_ics_variables_init
 .text.mtr_ics_interrupt_process
                0x000005f0      0x338 ./src/application/user_interface/ics/r_mtr_ics.o
                0x000005f0                mtr_ics_interrupt_process
 .text.mtr_board_led_control
                0x00000928       0x54 ./src/application/main/mtr_main.o
 .text.mtr_init
                0x0000097c      0x2c4 ./src/application/main/mtr_main.o
                0x0000097c                mtr_init
 .text.mtr_main
                0x00000c40      0x2b4 ./src/application/main/mtr_main.o
                0x00000c40                mtr_main
 .text.g_poe_overcurrent
                0x00000ef4       0x34 ./src/application/main/mtr_main.o
                0x00000ef4                g_poe_overcurrent
 .text.mtr_callback_event
                0x00000f28       0x60 ./src/application/main/mtr_main.o
                0x00000f28                mtr_callback_event
 .text.hal_entry
                0x00000f88       0x18 ./src/hal_entry.o
                0x00000f88                hal_entry
 .text.R_BSP_WarmStart
                0x00000fa0       0x18 ./src/hal_entry.o
                0x00000fa0                R_BSP_WarmStart
 .text.startup.main
                0x00000fb8        0xc ./ra_gen/main.o
                0x00000fb8                main
 .text.RM_MOTOR_SPEED_Run
                0x00000fc4        0xc ./ra/fsp/src/rm_motor_speed/rm_motor_speed.o
                0x00000fc4                RM_MOTOR_SPEED_Run
 .text.RM_MOTOR_SPEED_SpeedReferenceSet
                0x00000fd0       0x14 ./ra/fsp/src/rm_motor_speed/rm_motor_speed.o
                0x00000fd0                RM_MOTOR_SPEED_SpeedReferenceSet
 .text.RM_MOTOR_SPEED_PositionReferenceSet
                0x00000fe4        0xc ./ra/fsp/src/rm_motor_speed/rm_motor_speed.o
                0x00000fe4                RM_MOTOR_SPEED_PositionReferenceSet
 .text.RM_MOTOR_SPEED_ParameterSet
                0x00000ff0       0x28 ./ra/fsp/src/rm_motor_speed/rm_motor_speed.o
                0x00000ff0                RM_MOTOR_SPEED_ParameterSet
 .text.RM_MOTOR_SPEED_ParameterGet
                0x00001018       0x38 ./ra/fsp/src/rm_motor_speed/rm_motor_speed.o
                0x00001018                RM_MOTOR_SPEED_ParameterGet
 .text.RM_MOTOR_SPEED_Open
                0x00001050      0x1a8 ./ra/fsp/src/rm_motor_speed/rm_motor_speed.o
                0x00001050                RM_MOTOR_SPEED_Open
 .text.RM_MOTOR_SPEED_ParameterUpdate
                0x000011f8      0x158 ./ra/fsp/src/rm_motor_speed/rm_motor_speed.o
                0x000011f8                RM_MOTOR_SPEED_ParameterUpdate
 .text.RM_MOTOR_SPEED_Close
                0x00001350       0x44 ./ra/fsp/src/rm_motor_speed/rm_motor_speed.o
                0x00001350                RM_MOTOR_SPEED_Close
 .text.RM_MOTOR_SPEED_Reset
                0x00001394       0x7c ./ra/fsp/src/rm_motor_speed/rm_motor_speed.o
                0x00001394                RM_MOTOR_SPEED_Reset
 .text.RM_MOTOR_SPEED_SpeedControl
                0x00001410      0x5f4 ./ra/fsp/src/rm_motor_speed/rm_motor_speed.o
                0x00001410                RM_MOTOR_SPEED_SpeedControl
 .text.rm_motor_speed_cyclic
                0x00001a04       0x60 ./ra/fsp/src/rm_motor_speed/rm_motor_speed.o
                0x00001a04                rm_motor_speed_cyclic
 .text.RM_MOTOR_SENSORLESS_Open
                0x00001a64       0x54 ./ra/fsp/src/rm_motor_sensorless/rm_motor_sensorless.o
                0x00001a64                RM_MOTOR_SENSORLESS_Open
 .text.RM_MOTOR_SENSORLESS_Close
                0x00001ab8       0x48 ./ra/fsp/src/rm_motor_sensorless/rm_motor_sensorless.o
                0x00001ab8                RM_MOTOR_SENSORLESS_Close
 .text.RM_MOTOR_SENSORLESS_SpeedSet
                0x00001b00       0x14 ./ra/fsp/src/rm_motor_sensorless/rm_motor_sensorless.o
                0x00001b00                RM_MOTOR_SENSORLESS_SpeedSet
 .text.RM_MOTOR_SENSORLESS_StatusGet
                0x00001b14        0xc ./ra/fsp/src/rm_motor_sensorless/rm_motor_sensorless.o
                0x00001b14                RM_MOTOR_SENSORLESS_StatusGet
 .text.RM_MOTOR_SENSORLESS_AngleGet
                0x00001b20       0x24 ./ra/fsp/src/rm_motor_sensorless/rm_motor_sensorless.o
                0x00001b20                RM_MOTOR_SENSORLESS_AngleGet
 .text.RM_MOTOR_SENSORLESS_SpeedGet
                0x00001b44       0x24 ./ra/fsp/src/rm_motor_sensorless/rm_motor_sensorless.o
                0x00001b44                RM_MOTOR_SENSORLESS_SpeedGet
 .text.RM_MOTOR_SENSORLESS_PositionSet
                0x00001b68        0x4 ./ra/fsp/src/rm_motor_sensorless/rm_motor_sensorless.o
                0x00001b68                RM_MOTOR_SENSORLESS_PositionSet
 .text.RM_MOTOR_SENSORLESS_FunctionSelect
                0x00001b6c        0x4 ./ra/fsp/src/rm_motor_sensorless/rm_motor_sensorless.o
                0x00001b6c                RM_MOTOR_SENSORLESS_FunctionSelect
 .text.rm_motor_sensorless_active
                0x00001b70       0x28 ./ra/fsp/src/rm_motor_sensorless/rm_motor_sensorless.o
 .text.rm_motor_sensorless_inactive
                0x00001b98       0x28 ./ra/fsp/src/rm_motor_sensorless/rm_motor_sensorless.o
 .text.rm_motor_sensorless_nowork
                0x00001bc0        0x4 ./ra/fsp/src/rm_motor_sensorless/rm_motor_sensorless.o
 .text.rm_motor_sensorless_reset
                0x00001bc4       0x28 ./ra/fsp/src/rm_motor_sensorless/rm_motor_sensorless.o
 .text.rm_motor_sensorless_error
                0x00001bec        0x4 ./ra/fsp/src/rm_motor_sensorless/rm_motor_sensorless.o
 .text.rm_motor_sensorless_statemachine_event.isra.0
                0x00001bf0       0x50 ./ra/fsp/src/rm_motor_sensorless/rm_motor_sensorless.o
 .text.RM_MOTOR_SENSORLESS_Reset
                0x00001c40       0x3c ./ra/fsp/src/rm_motor_sensorless/rm_motor_sensorless.o
                0x00001c40                RM_MOTOR_SENSORLESS_Reset
 .text.RM_MOTOR_SENSORLESS_ErrorCheck
                0x00001c7c      0x140 ./ra/fsp/src/rm_motor_sensorless/rm_motor_sensorless.o
                0x00001c7c                RM_MOTOR_SENSORLESS_ErrorCheck
 .text.RM_MOTOR_SENSORLESS_WaitStopFlagGet
                0x00001dbc        0x4 ./ra/fsp/src/rm_motor_sensorless/rm_motor_sensorless.o
                0x00001dbc                RM_MOTOR_SENSORLESS_WaitStopFlagGet
 .text.RM_MOTOR_SENSORLESS_Run
                0x00001dc0       0x50 ./ra/fsp/src/rm_motor_sensorless/rm_motor_sensorless.o
                0x00001dc0                RM_MOTOR_SENSORLESS_Run
 .text.RM_MOTOR_SENSORLESS_Stop
                0x00001e10       0x4c ./ra/fsp/src/rm_motor_sensorless/rm_motor_sensorless.o
                0x00001e10                RM_MOTOR_SENSORLESS_Stop
 .text.RM_MOTOR_SENSORLESS_ErrorSet
                0x00001e5c       0x58 ./ra/fsp/src/rm_motor_sensorless/rm_motor_sensorless.o
                0x00001e5c                RM_MOTOR_SENSORLESS_ErrorSet
 .text.rm_motor_sensorless_current_callback
                0x00001eb4       0x84 ./ra/fsp/src/rm_motor_sensorless/rm_motor_sensorless.o
                0x00001eb4                rm_motor_sensorless_current_callback
 .text.rm_motor_sensorless_speed_callback
                0x00001f38       0x74 ./ra/fsp/src/rm_motor_sensorless/rm_motor_sensorless.o
                0x00001f38                rm_motor_sensorless_speed_callback
 .text.RM_MOTOR_ESTIMATE_CurrentSet
                0x00001fac       0x28 ./ra/fsp/src/rm_motor_estimate/rm_motor_estimate.o
                0x00001fac                RM_MOTOR_ESTIMATE_CurrentSet
 .text.RM_MOTOR_ESTIMATE_SpeedSet
                0x00001fd4       0x10 ./ra/fsp/src/rm_motor_estimate/rm_motor_estimate.o
                0x00001fd4                RM_MOTOR_ESTIMATE_SpeedSet
 .text.RM_MOTOR_ESTIMATE_FlagPiCtrlSet
                0x00001fe4        0x8 ./ra/fsp/src/rm_motor_estimate/rm_motor_estimate.o
                0x00001fe4                RM_MOTOR_ESTIMATE_FlagPiCtrlSet
 .text.RM_MOTOR_ESTIMATE_EstimatedComponentGet
                0x00001fec       0x14 ./ra/fsp/src/rm_motor_estimate/rm_motor_estimate.o
                0x00001fec                RM_MOTOR_ESTIMATE_EstimatedComponentGet
 .text.RM_MOTOR_ESTIMATE_InternalCalculate
                0x00002000        0x4 ./ra/fsp/src/rm_motor_estimate/rm_motor_estimate.o
                0x00002000                RM_MOTOR_ESTIMATE_InternalCalculate
 .text.RM_MOTOR_ESTIMATE_InfoGet
                0x00002004        0x4 ./ra/fsp/src/rm_motor_estimate/rm_motor_estimate.o
                0x00002004                RM_MOTOR_ESTIMATE_InfoGet
 .text.RM_MOTOR_ESTIMATE_ParameterUpdate
                0x00002008       0x30 ./ra/fsp/src/rm_motor_estimate/rm_motor_estimate.o
                0x00002008                RM_MOTOR_ESTIMATE_ParameterUpdate
 .text.RM_MOTOR_ESTIMATE_Open
                0x00002038       0x68 ./ra/fsp/src/rm_motor_estimate/rm_motor_estimate.o
                0x00002038                RM_MOTOR_ESTIMATE_Open
 .text.RM_MOTOR_ESTIMATE_Close
                0x000020a0       0x1c ./ra/fsp/src/rm_motor_estimate/rm_motor_estimate.o
                0x000020a0                RM_MOTOR_ESTIMATE_Close
 .text.RM_MOTOR_ESTIMATE_Reset
                0x000020bc       0x20 ./ra/fsp/src/rm_motor_estimate/rm_motor_estimate.o
                0x000020bc                RM_MOTOR_ESTIMATE_Reset
 .text.RM_MOTOR_ESTIMATE_AngleSpeedGet
                0x000020dc      0x10c ./ra/fsp/src/rm_motor_estimate/rm_motor_estimate.o
                0x000020dc                RM_MOTOR_ESTIMATE_AngleSpeedGet
 .text.RM_MOTOR_ESTIMATE_CyclicProcess
                0x000021e8        0x4 ./ra/fsp/src/rm_motor_estimate/rm_motor_estimate.o
                0x000021e8                RM_MOTOR_ESTIMATE_CyclicProcess
 .text.RM_MOTOR_ESTIMATE_SensorDataSet
                0x000021ec        0x4 ./ra/fsp/src/rm_motor_estimate/rm_motor_estimate.o
                0x000021ec                RM_MOTOR_ESTIMATE_SensorDataSet
 .text.RM_MOTOR_ESTIMATE_AngleAdjust
                0x000021f0        0x4 ./ra/fsp/src/rm_motor_estimate/rm_motor_estimate.o
                0x000021f0                RM_MOTOR_ESTIMATE_AngleAdjust
 .text.RM_MOTOR_ESTIMATE_EncoderCyclic
                0x000021f4        0x4 ./ra/fsp/src/rm_motor_estimate/rm_motor_estimate.o
                0x000021f4                RM_MOTOR_ESTIMATE_EncoderCyclic
 .text.RM_MOTOR_DRIVER_PhaseVoltageSet
                0x000021f8       0x14 ./ra/fsp/src/rm_motor_driver/rm_motor_driver.o
                0x000021f8                RM_MOTOR_DRIVER_PhaseVoltageSet
 .text.RM_MOTOR_DRIVER_CurrentGet
                0x0000220c       0xac ./ra/fsp/src/rm_motor_driver/rm_motor_driver.o
                0x0000220c                RM_MOTOR_DRIVER_CurrentGet
 .text.RM_MOTOR_DRIVER_CurrentOffsetRestart
                0x000022b8       0x18 ./ra/fsp/src/rm_motor_driver/rm_motor_driver.o
                0x000022b8                RM_MOTOR_DRIVER_CurrentOffsetRestart
 .text.rm_motor_driver_pin_cfg
                0x000022d0       0x6c ./ra/fsp/src/rm_motor_driver/rm_motor_driver.o
 .text.rm_motor_driver_output_disable
                0x0000233c       0x74 ./ra/fsp/src/rm_motor_driver/rm_motor_driver.o
 .text.rm_motor_driver_mod_run
                0x000023b0      0x128 ./ra/fsp/src/rm_motor_driver/rm_motor_driver.o
 .text.rm_motor_driver_1shunt_modulation
                0x000024d8      0x224 ./ra/fsp/src/rm_motor_driver/rm_motor_driver.o
 .text.rm_motor_driver_1shunt_cyclic
                0x000026fc      0x290 ./ra/fsp/src/rm_motor_driver/rm_motor_driver.o
                0x000026fc                rm_motor_driver_1shunt_cyclic
 .text.rm_motor_driver_set_uvw_duty.isra.0
                0x0000298c       0x88 ./ra/fsp/src/rm_motor_driver/rm_motor_driver.o
 .text.RM_MOTOR_DRIVER_FlagCurrentOffsetGet
                0x00002a14      0x18c ./ra/fsp/src/rm_motor_driver/rm_motor_driver.o
                0x00002a14                RM_MOTOR_DRIVER_FlagCurrentOffsetGet
 .text.RM_MOTOR_DRIVER_Open
                0x00002ba0      0x224 ./ra/fsp/src/rm_motor_driver/rm_motor_driver.o
                0x00002ba0                RM_MOTOR_DRIVER_Open
 .text.rm_motor_driver_cyclic
                0x00002dc4      0x1c4 ./ra/fsp/src/rm_motor_driver/rm_motor_driver.o
                0x00002dc4                rm_motor_driver_cyclic
 .text.RM_MOTOR_DRIVER_ParameterUpdate
                0x00002f88       0xbc ./ra/fsp/src/rm_motor_driver/rm_motor_driver.o
                0x00002f88                RM_MOTOR_DRIVER_ParameterUpdate
 .text.RM_MOTOR_DRIVER_Reset
                0x00003044       0x64 ./ra/fsp/src/rm_motor_driver/rm_motor_driver.o
                0x00003044                RM_MOTOR_DRIVER_Reset
 .text.RM_MOTOR_DRIVER_Close
                0x000030a8       0x7c ./ra/fsp/src/rm_motor_driver/rm_motor_driver.o
                0x000030a8                RM_MOTOR_DRIVER_Close
 .text.RM_MOTOR_CURRENT_Run
                0x00003124        0xc ./ra/fsp/src/rm_motor_current/rm_motor_current.o
                0x00003124                RM_MOTOR_CURRENT_Run
 .text.RM_MOTOR_CURRENT_ParameterSet
                0x00003130       0x20 ./ra/fsp/src/rm_motor_current/rm_motor_current.o
                0x00003130                RM_MOTOR_CURRENT_ParameterSet
 .text.RM_MOTOR_CURRENT_CurrentReferenceSet
                0x00003150       0x10 ./ra/fsp/src/rm_motor_current/rm_motor_current.o
                0x00003150                RM_MOTOR_CURRENT_CurrentReferenceSet
 .text.RM_MOTOR_CURRENT_SpeedPhaseSet
                0x00003160       0x10 ./ra/fsp/src/rm_motor_current/rm_motor_current.o
                0x00003160                RM_MOTOR_CURRENT_SpeedPhaseSet
 .text.RM_MOTOR_CURRENT_CurrentSet
                0x00003170       0x28 ./ra/fsp/src/rm_motor_current/rm_motor_current.o
                0x00003170                RM_MOTOR_CURRENT_CurrentSet
 .text.RM_MOTOR_CURRENT_ParameterGet
                0x00003198       0xd0 ./ra/fsp/src/rm_motor_current/rm_motor_current.o
                0x00003198                RM_MOTOR_CURRENT_ParameterGet
 .text.RM_MOTOR_CURRENT_CurrentGet
                0x00003268       0x80 ./ra/fsp/src/rm_motor_current/rm_motor_current.o
                0x00003268                RM_MOTOR_CURRENT_CurrentGet
 .text.motor_current_transform_dq_uvw_abs
                0x000032e8       0x90 ./ra/fsp/src/rm_motor_current/rm_motor_current.o
 .text.RM_MOTOR_CURRENT_Open
                0x00003378       0xf0 ./ra/fsp/src/rm_motor_current/rm_motor_current.o
                0x00003378                RM_MOTOR_CURRENT_Open
 .text.RM_MOTOR_CURRENT_ParameterUpdate
                0x00003468       0x40 ./ra/fsp/src/rm_motor_current/rm_motor_current.o
                0x00003468                RM_MOTOR_CURRENT_ParameterUpdate
 .text.RM_MOTOR_CURRENT_Reset
                0x000034a8       0x5c ./ra/fsp/src/rm_motor_current/rm_motor_current.o
                0x000034a8                RM_MOTOR_CURRENT_Reset
 .text.RM_MOTOR_CURRENT_Close
                0x00003504       0x58 ./ra/fsp/src/rm_motor_current/rm_motor_current.o
                0x00003504                RM_MOTOR_CURRENT_Close
 .text.RM_MOTOR_CURRENT_PhaseVoltageGet
                0x0000355c      0x240 ./ra/fsp/src/rm_motor_current/rm_motor_current.o
                0x0000355c                RM_MOTOR_CURRENT_PhaseVoltageGet
 .text.rm_motor_current_cyclic
                0x0000379c      0x24c ./ra/fsp/src/rm_motor_current/rm_motor_current.o
                0x0000379c                rm_motor_current_cyclic
 .text.R_POEG_Open
                0x000039e8       0xc8 ./ra/fsp/src/r_poeg/r_poeg.o
                0x000039e8                R_POEG_Open
 .text.R_POEG_OutputDisable
                0x00003ab0       0x10 ./ra/fsp/src/r_poeg/r_poeg.o
                0x00003ab0                R_POEG_OutputDisable
 .text.R_POEG_Reset
                0x00003ac0       0x14 ./ra/fsp/src/r_poeg/r_poeg.o
                0x00003ac0                R_POEG_Reset
 .text.R_POEG_StatusGet
                0x00003ad4       0x14 ./ra/fsp/src/r_poeg/r_poeg.o
                0x00003ad4                R_POEG_StatusGet
 .text.R_POEG_CallbackSet
                0x00003ae8       0x10 ./ra/fsp/src/r_poeg/r_poeg.o
                0x00003ae8                R_POEG_CallbackSet
 .text.R_POEG_Close
                0x00003af8       0x54 ./ra/fsp/src/r_poeg/r_poeg.o
                0x00003af8                R_POEG_Close
 .text.poeg_event_isr
                0x00003b4c       0x54 ./ra/fsp/src/r_poeg/r_poeg.o
                0x00003b4c                poeg_event_isr
 .text.R_IOPORT_Close
                0x00003ba0        0xc ./ra/fsp/src/r_ioport/r_ioport.o
                0x00003ba0                R_IOPORT_Close
 .text.R_IOPORT_PinRead
                0x00003bac       0x24 ./ra/fsp/src/r_ioport/r_ioport.o
                0x00003bac                R_IOPORT_PinRead
 .text.R_IOPORT_PortRead
                0x00003bd0       0x14 ./ra/fsp/src/r_ioport/r_ioport.o
                0x00003bd0                R_IOPORT_PortRead
 .text.R_IOPORT_PortWrite
                0x00003be4       0x1c ./ra/fsp/src/r_ioport/r_ioport.o
                0x00003be4                R_IOPORT_PortWrite
 .text.R_IOPORT_PinWrite
                0x00003c00       0x20 ./ra/fsp/src/r_ioport/r_ioport.o
                0x00003c00                R_IOPORT_PinWrite
 .text.R_IOPORT_PortDirectionSet
                0x00003c20       0x2c ./ra/fsp/src/r_ioport/r_ioport.o
                0x00003c20                R_IOPORT_PortDirectionSet
 .text.R_IOPORT_PortEventInputRead
                0x00003c4c       0x18 ./ra/fsp/src/r_ioport/r_ioport.o
                0x00003c4c                R_IOPORT_PortEventInputRead
 .text.R_IOPORT_PinEventInputRead
                0x00003c64       0x38 ./ra/fsp/src/r_ioport/r_ioport.o
                0x00003c64                R_IOPORT_PinEventInputRead
 .text.R_IOPORT_PortEventOutputWrite
                0x00003c9c       0x1c ./ra/fsp/src/r_ioport/r_ioport.o
                0x00003c9c                R_IOPORT_PortEventOutputWrite
 .text.R_IOPORT_PinEventOutputWrite
                0x00003cb8       0x2c ./ra/fsp/src/r_ioport/r_ioport.o
                0x00003cb8                R_IOPORT_PinEventOutputWrite
 .text.bsp_vbatt_init
                0x00003ce4       0xa4 ./ra/fsp/src/r_ioport/r_ioport.o
 .text.r_ioport_pins_config
                0x00003d88       0xc0 ./ra/fsp/src/r_ioport/r_ioport.o
 .text.R_IOPORT_Open
                0x00003e48       0x14 ./ra/fsp/src/r_ioport/r_ioport.o
                0x00003e48                R_IOPORT_Open
 .text.R_IOPORT_PinsCfg
                0x00003e5c        0xc ./ra/fsp/src/r_ioport/r_ioport.o
                0x00003e5c                R_IOPORT_PinsCfg
 .text.R_IOPORT_PinCfg
                0x00003e68       0xa8 ./ra/fsp/src/r_ioport/r_ioport.o
                0x00003e68                R_IOPORT_PinCfg
 .text.R_GPT_THREE_PHASE_Stop
                0x00003f10        0xc ./ra/fsp/src/r_gpt_three_phase/r_gpt_three_phase.o
                0x00003f10                R_GPT_THREE_PHASE_Stop
 .text.R_GPT_THREE_PHASE_Start
                0x00003f1c        0xc ./ra/fsp/src/r_gpt_three_phase/r_gpt_three_phase.o
                0x00003f1c                R_GPT_THREE_PHASE_Start
 .text.R_GPT_THREE_PHASE_Reset
                0x00003f28        0xc ./ra/fsp/src/r_gpt_three_phase/r_gpt_three_phase.o
                0x00003f28                R_GPT_THREE_PHASE_Reset
 .text.R_GPT_THREE_PHASE_DutyCycleSet
                0x00003f34       0x3c ./ra/fsp/src/r_gpt_three_phase/r_gpt_three_phase.o
                0x00003f34                R_GPT_THREE_PHASE_DutyCycleSet
 .text.R_GPT_THREE_PHASE_Open
                0x00003f70       0x50 ./ra/fsp/src/r_gpt_three_phase/r_gpt_three_phase.o
                0x00003f70                R_GPT_THREE_PHASE_Open
 .text.R_GPT_THREE_PHASE_CallbackSet
                0x00003fc0       0x14 ./ra/fsp/src/r_gpt_three_phase/r_gpt_three_phase.o
                0x00003fc0                R_GPT_THREE_PHASE_CallbackSet
 .text.R_GPT_THREE_PHASE_Close
                0x00003fd4       0x28 ./ra/fsp/src/r_gpt_three_phase/r_gpt_three_phase.o
                0x00003fd4                R_GPT_THREE_PHASE_Close
 .text.R_GPT_Stop
                0x00003ffc        0xc ./ra/fsp/src/r_gpt/r_gpt.o
                0x00003ffc                R_GPT_Stop
 .text.R_GPT_Start
                0x00004008        0xc ./ra/fsp/src/r_gpt/r_gpt.o
                0x00004008                R_GPT_Start
 .text.R_GPT_Reset
                0x00004014        0xc ./ra/fsp/src/r_gpt/r_gpt.o
                0x00004014                R_GPT_Reset
 .text.R_GPT_Enable
                0x00004020       0x30 ./ra/fsp/src/r_gpt/r_gpt.o
                0x00004020                R_GPT_Enable
 .text.R_GPT_Disable
                0x00004050       0x18 ./ra/fsp/src/r_gpt/r_gpt.o
                0x00004050                R_GPT_Disable
 .text.R_GPT_PeriodSet
                0x00004068       0x3c ./ra/fsp/src/r_gpt/r_gpt.o
                0x00004068                R_GPT_PeriodSet
 .text.R_GPT_CompareMatchSet
                0x000040a4       0x14 ./ra/fsp/src/r_gpt/r_gpt.o
                0x000040a4                R_GPT_CompareMatchSet
 .text.R_GPT_StatusGet
                0x000040b8       0x14 ./ra/fsp/src/r_gpt/r_gpt.o
                0x000040b8                R_GPT_StatusGet
 .text.R_GPT_CallbackSet
                0x000040cc       0x10 ./ra/fsp/src/r_gpt/r_gpt.o
                0x000040cc                R_GPT_CallbackSet
 .text.R_GPT_InfoGet
                0x000040dc       0x48 ./ra/fsp/src/r_gpt/r_gpt.o
                0x000040dc                R_GPT_InfoGet
 .text.gpt_calculate_duty_cycle.isra.0
                0x00004124       0x78 ./ra/fsp/src/r_gpt/r_gpt.o
 .text.R_GPT_DutyCycleSet
                0x0000419c       0xc0 ./ra/fsp/src/r_gpt/r_gpt.o
                0x0000419c                R_GPT_DutyCycleSet
 .text.r_gpt_enable_irq
                0x0000425c       0x64 ./ra/fsp/src/r_gpt/r_gpt.o
 .text.R_GPT_Open
                0x000042c0      0x2f0 ./ra/fsp/src/r_gpt/r_gpt.o
                0x000042c0                R_GPT_Open
 .text.R_GPT_Close
                0x000045b0       0xcc ./ra/fsp/src/r_gpt/r_gpt.o
                0x000045b0                R_GPT_Close
 .text.R_GPT_OutputEnable
                0x0000467c       0x20 ./ra/fsp/src/r_gpt/r_gpt.o
                0x0000467c                R_GPT_OutputEnable
 .text.R_GPT_OutputDisable
                0x0000469c       0x20 ./ra/fsp/src/r_gpt/r_gpt.o
                0x0000469c                R_GPT_OutputDisable
 .text.R_GPT_AdcTriggerSet
                0x000046bc       0x10 ./ra/fsp/src/r_gpt/r_gpt.o
                0x000046bc                R_GPT_AdcTriggerSet
 .text.R_ELC_Open
                0x000046cc       0x58 ./ra/fsp/src/r_elc/r_elc.o
                0x000046cc                R_ELC_Open
 .text.R_ELC_Close
                0x00004724       0x14 ./ra/fsp/src/r_elc/r_elc.o
                0x00004724                R_ELC_Close
 .text.R_ELC_SoftwareEventGenerate
                0x00004738       0x1c ./ra/fsp/src/r_elc/r_elc.o
                0x00004738                R_ELC_SoftwareEventGenerate
 .text.R_ELC_LinkSet
                0x00004754       0x10 ./ra/fsp/src/r_elc/r_elc.o
                0x00004754                R_ELC_LinkSet
 .text.R_ELC_LinkBreak
                0x00004764       0x10 ./ra/fsp/src/r_elc/r_elc.o
                0x00004764                R_ELC_LinkBreak
 .text.R_ELC_Enable
                0x00004774       0x10 ./ra/fsp/src/r_elc/r_elc.o
                0x00004774                R_ELC_Enable
 .text.R_ELC_Disable
                0x00004784        0xc ./ra/fsp/src/r_elc/r_elc.o
                0x00004784                R_ELC_Disable
 .text.R_AGT_Stop
                0x00004790       0x24 ./ra/fsp/src/r_agt/r_agt.o
                0x00004790                R_AGT_Stop
 .text.R_AGT_Enable
                0x000047b4       0x28 ./ra/fsp/src/r_agt/r_agt.o
                0x000047b4                R_AGT_Enable
 .text.R_AGT_Disable
                0x000047dc       0x1c ./ra/fsp/src/r_agt/r_agt.o
                0x000047dc                R_AGT_Disable
 .text.R_AGT_DutyCycleSet
                0x000047f8        0x4 ./ra/fsp/src/r_agt/r_agt.o
                0x000047f8                R_AGT_DutyCycleSet
 .text.R_AGT_CompareMatchSet
                0x000047fc        0x4 ./ra/fsp/src/r_agt/r_agt.o
                0x000047fc                R_AGT_CompareMatchSet
 .text.R_AGT_StatusGet
                0x00004800       0x44 ./ra/fsp/src/r_agt/r_agt.o
                0x00004800                R_AGT_StatusGet
 .text.R_AGT_CallbackSet
                0x00004844       0x10 ./ra/fsp/src/r_agt/r_agt.o
                0x00004844                R_AGT_CallbackSet
 .text.R_AGT_Close
                0x00004854       0x8c ./ra/fsp/src/r_agt/r_agt.o
                0x00004854                R_AGT_Close
 .text.R_AGT_Start
                0x000048e0       0x70 ./ra/fsp/src/r_agt/r_agt.o
                0x000048e0                R_AGT_Start
 .text.r_agt_clock_frequency_get
                0x00004950       0x4c ./ra/fsp/src/r_agt/r_agt.o
 .text.R_AGT_InfoGet
                0x0000499c       0x98 ./ra/fsp/src/r_agt/r_agt.o
                0x0000499c                R_AGT_InfoGet
 .text.R_AGT_Reset
                0x00004a34       0x3c ./ra/fsp/src/r_agt/r_agt.o
                0x00004a34                R_AGT_Reset
 .text.R_AGT_PeriodSet
                0x00004a70       0x5c ./ra/fsp/src/r_agt/r_agt.o
                0x00004a70                R_AGT_PeriodSet
 .text.R_AGT_Open
                0x00004acc      0x198 ./ra/fsp/src/r_agt/r_agt.o
                0x00004acc                R_AGT_Open
 .text.agt_int_isr
                0x00004c64       0x9c ./ra/fsp/src/r_agt/r_agt.o
                0x00004c64                agt_int_isr
 .text.R_ADC_CallbackSet
                0x00004d00       0x10 ./ra/fsp/src/r_adc/r_adc.o
                0x00004d00                R_ADC_CallbackSet
 .text.R_ADC_ScanStart
                0x00004d10        0xc ./ra/fsp/src/r_adc/r_adc.o
                0x00004d10                R_ADC_ScanStart
 .text.R_ADC_ScanGroupStart
                0x00004d1c        0x4 ./ra/fsp/src/r_adc/r_adc.o
                0x00004d1c                R_ADC_ScanGroupStart
 .text.R_ADC_ScanStop
                0x00004d20        0xc ./ra/fsp/src/r_adc/r_adc.o
                0x00004d20                R_ADC_ScanStop
 .text.R_ADC_StatusGet
                0x00004d2c       0x10 ./ra/fsp/src/r_adc/r_adc.o
                0x00004d2c                R_ADC_StatusGet
 .text.R_ADC_Read
                0x00004d3c       0x10 ./ra/fsp/src/r_adc/r_adc.o
                0x00004d3c                R_ADC_Read
 .text.R_ADC_Read32
                0x00004d4c       0x1c ./ra/fsp/src/r_adc/r_adc.o
                0x00004d4c                R_ADC_Read32
 .text.R_ADC_Calibrate
                0x00004d68        0x4 ./ra/fsp/src/r_adc/r_adc.o
                0x00004d68                R_ADC_Calibrate
 .text.R_ADC_OffsetSet
                0x00004d6c        0x4 ./ra/fsp/src/r_adc/r_adc.o
                0x00004d6c                R_ADC_OffsetSet
 .text.r_adc_irq_enable
                0x00004d70       0x64 ./ra/fsp/src/r_adc/r_adc.o
 .text.R_ADC_Open
                0x00004dd4      0x124 ./ra/fsp/src/r_adc/r_adc.o
                0x00004dd4                R_ADC_Open
 .text.r_adc_call_callback
                0x00004ef8       0x54 ./ra/fsp/src/r_adc/r_adc.o
 .text.r_adc_scan_end_common_isr
                0x00004f4c       0x5c ./ra/fsp/src/r_adc/r_adc.o
 .text.R_ADC_InfoGet
                0x00004fa8       0x74 ./ra/fsp/src/r_adc/r_adc.o
                0x00004fa8                R_ADC_InfoGet
 .text.R_ADC_ScanCfg
                0x0000501c      0x1f4 ./ra/fsp/src/r_adc/r_adc.o
                0x0000501c                R_ADC_ScanCfg
 .text.R_ADC_Close
                0x00005210       0xf8 ./ra/fsp/src/r_adc/r_adc.o
                0x00005210                R_ADC_Close
 .text.adc_scan_end_isr
                0x00005308        0x8 ./ra/fsp/src/r_adc/r_adc.o
                0x00005308                adc_scan_end_isr
 .text.SystemCoreClockUpdate
                0x00005310       0x28 ./ra/fsp/src/bsp/mcu/all/bsp_clocks.o
                0x00005310                SystemCoreClockUpdate
 .text.bsp_clock_init
                0x00005338       0xf8 ./ra/fsp/src/bsp/mcu/all/bsp_clocks.o
                0x00005338                bsp_clock_init
 .text.R_BSP_Init_RTC
                0x00005430       0x10 ./ra/fsp/src/bsp/mcu/all/bsp_clocks.o
                0x00005430                R_BSP_Init_RTC
 .text.bsp_prv_software_delay_loop
                0x00005440        0xc ./ra/fsp/src/bsp/mcu/all/bsp_delay.o
                0x00005440                bsp_prv_software_delay_loop
 .text.R_BSP_SoftwareDelay
                0x0000544c       0x68 ./ra/fsp/src/bsp/mcu/all/bsp_delay.o
                0x0000544c                R_BSP_SoftwareDelay
 .text.NMI_Handler
                0x000054b4       0x3c ./ra/fsp/src/bsp/mcu/all/bsp_group_irq.o
                0x000054b4                NMI_Handler
 .text.bsp_irq_cfg
                0x000054f0       0xa4 ./ra/fsp/src/bsp/mcu/all/bsp_irq.o
                0x000054f0                bsp_irq_cfg
 .text.R_BSP_RegisterProtectEnable
                0x00005594       0x60 ./ra/fsp/src/bsp/mcu/all/bsp_register_protection.o
                0x00005594                R_BSP_RegisterProtectEnable
 .text.R_BSP_RegisterProtectDisable
                0x000055f4       0x54 ./ra/fsp/src/bsp/mcu/all/bsp_register_protection.o
                0x000055f4                R_BSP_RegisterProtectDisable
 .text.Default_Handler
                0x00005648        0x4 ./ra/fsp/src/bsp/cmsis/Device/RENESAS/Source/startup.o
                0x00005648                DebugMon_Handler
                0x00005648                HardFault_Handler
                0x00005648                SysTick_Handler
                0x00005648                PendSV_Handler
                0x00005648                UsageFault_Handler
                0x00005648                SecureFault_Handler
                0x00005648                Default_Handler
                0x00005648                MemManage_Handler
                0x00005648                SVC_Handler
                0x00005648                BusFault_Handler
 .text.Reset_Handler
                0x0000564c        0xc ./ra/fsp/src/bsp/cmsis/Device/RENESAS/Source/startup.o
                0x0000564c                Reset_Handler
 .text.SystemInit
                0x00005658       0xfc ./ra/fsp/src/bsp/cmsis/Device/RENESAS/Source/system.o
                0x00005658                SystemInit
 .text.bsp_init
                0x00005754        0x4 ./ra/board/ra6t3_mck/board_init.o
                0x00005754                bsp_init
 .text.ics2_watchpoint
                0x00005758      0x5d8 C:/Users/a5143778/e2_studio/customized_workspace/RA6T3_MCILV1_SPM_LESS_FOC_E2S_V101/src/application/user_interface/ics/ICS2_RA6T3.o
                0x00005758                ics2_watchpoint
 .text.ics2_init
                0x00005d30      0x264 C:/Users/a5143778/e2_studio/customized_workspace/RA6T3_MCILV1_SPM_LESS_FOC_E2S_V101/src/application/user_interface/ics/ICS2_RA6T3.o
                0x00005d30                ics2_init
 .text.rm_motor_current_pi_gain_calc
                0x00005f94       0x5c C:\Users\a5143778\e2_studio\customized_workspace\RA6T3_MCILV1_SPM_LESS_FOC_E2S_V101\ra\fsp\lib\rm_motor_current\cm33_gcc\librm_motor_current.a(rm_motor_current_pi_gain_calc.o)
                0x00005f94                rm_motor_current_pi_gain_calc
 .text.rm_motor_voltage_error_compensation_init
                0x00005ff0       0x64 C:\Users\a5143778\e2_studio\customized_workspace\RA6T3_MCILV1_SPM_LESS_FOC_E2S_V101\ra\fsp\lib\rm_motor_current\cm33_gcc\librm_motor_current.a(rm_motor_volt_error_comp.o)
                0x00005ff0                rm_motor_voltage_error_compensation_init
 .text.rm_motor_voltage_error_compensation_reset
                0x00006054        0xc C:\Users\a5143778\e2_studio\customized_workspace\RA6T3_MCILV1_SPM_LESS_FOC_E2S_V101\ra\fsp\lib\rm_motor_current\cm33_gcc\librm_motor_current.a(rm_motor_volt_error_comp.o)
                0x00006054                rm_motor_voltage_error_compensation_reset
 .text.rm_motor_voltage_error_compensation_main
                0x00006060      0x250 C:\Users\a5143778\e2_studio\customized_workspace\RA6T3_MCILV1_SPM_LESS_FOC_E2S_V101\ra\fsp\lib\rm_motor_current\cm33_gcc\librm_motor_current.a(rm_motor_volt_error_comp.o)
                0x00006060                rm_motor_voltage_error_compensation_main
 .text.rm_motor_estimate_bemf_observer
                0x000062b0      0x118 C:\Users\a5143778\e2_studio\customized_workspace\RA6T3_MCILV1_SPM_LESS_FOC_E2S_V101\ra\fsp\lib\rm_motor_estimate\cm33_gcc\librm_motor_estimate.a(rm_motor_estimate_bemf_observer.o)
                0x000062b0                rm_motor_estimate_bemf_observer
 .text.rm_motor_estimate_bemf_calc_d
                0x000063c8       0x18 C:\Users\a5143778\e2_studio\customized_workspace\RA6T3_MCILV1_SPM_LESS_FOC_E2S_V101\ra\fsp\lib\rm_motor_estimate\cm33_gcc\librm_motor_estimate.a(rm_motor_estimate_bemf_observer.o)
                0x000063c8                rm_motor_estimate_bemf_calc_d
 .text.rm_motor_estimate_bemf_calc_q
                0x000063e0       0x18 C:\Users\a5143778\e2_studio\customized_workspace\RA6T3_MCILV1_SPM_LESS_FOC_E2S_V101\ra\fsp\lib\rm_motor_estimate\cm33_gcc\librm_motor_estimate.a(rm_motor_estimate_bemf_observer.o)
                0x000063e0                rm_motor_estimate_bemf_calc_q
 .text.rm_motor_estimate_bemf_obs_reset
                0x000063f8       0x14 C:\Users\a5143778\e2_studio\customized_workspace\RA6T3_MCILV1_SPM_LESS_FOC_E2S_V101\ra\fsp\lib\rm_motor_estimate\cm33_gcc\librm_motor_estimate.a(rm_motor_estimate_bemf_observer.o)
                0x000063f8                rm_motor_estimate_bemf_obs_reset
 .text.rm_motor_estimate_bemf_obs_init
                0x0000640c       0x40 C:\Users\a5143778\e2_studio\customized_workspace\RA6T3_MCILV1_SPM_LESS_FOC_E2S_V101\ra\fsp\lib\rm_motor_estimate\cm33_gcc\librm_motor_estimate.a(rm_motor_estimate_bemf_observer.o)
                0x0000640c                rm_motor_estimate_bemf_obs_init
 .text.rm_motor_estimate_bemf_observer_gain_calc
                0x0000644c       0x7c C:\Users\a5143778\e2_studio\customized_workspace\RA6T3_MCILV1_SPM_LESS_FOC_E2S_V101\ra\fsp\lib\rm_motor_estimate\cm33_gcc\librm_motor_estimate.a(rm_motor_estimate_bemf_observer.o)
                0x0000644c                rm_motor_estimate_bemf_observer_gain_calc
 .text.rm_motor_estimate_speed_pll
                0x000064c8       0x28 C:\Users\a5143778\e2_studio\customized_workspace\RA6T3_MCILV1_SPM_LESS_FOC_E2S_V101\ra\fsp\lib\rm_motor_estimate\cm33_gcc\librm_motor_estimate.a(rm_motor_estimate_bemf_observer.o)
                0x000064c8                rm_motor_estimate_speed_pll
 .text.rm_motor_estimate_speed_gain_calc
                0x000064f0       0x30 C:\Users\a5143778\e2_studio\customized_workspace\RA6T3_MCILV1_SPM_LESS_FOC_E2S_V101\ra\fsp\lib\rm_motor_estimate\cm33_gcc\librm_motor_estimate.a(rm_motor_estimate_bemf_observer.o)
                0x000064f0                rm_motor_estimate_speed_gain_calc
 .text.rm_motor_estimate_speed_reset
                0x00006520        0x8 C:\Users\a5143778\e2_studio\customized_workspace\RA6T3_MCILV1_SPM_LESS_FOC_E2S_V101\ra\fsp\lib\rm_motor_estimate\cm33_gcc\librm_motor_estimate.a(rm_motor_estimate_bemf_observer.o)
                0x00006520                rm_motor_estimate_speed_reset
 .text.rm_motor_speed_disturbance_observer_init
                0x00006528       0x6c C:\Users\a5143778\e2_studio\customized_workspace\RA6T3_MCILV1_SPM_LESS_FOC_E2S_V101\ra\fsp\lib\rm_motor_speed\cm33_gcc\librm_motor_speed.a(rm_motor_speed_disturbance_observer.o)
                0x00006528                rm_motor_speed_disturbance_observer_init
 .text.rm_motor_speed_disturbance_observer_reset
                0x00006594        0xc C:\Users\a5143778\e2_studio\customized_workspace\RA6T3_MCILV1_SPM_LESS_FOC_E2S_V101\ra\fsp\lib\rm_motor_speed\cm33_gcc\librm_motor_speed.a(rm_motor_speed_disturbance_observer.o)
                0x00006594                rm_motor_speed_disturbance_observer_reset
 .text.rm_motor_speed_disturbance_observer_run
                0x000065a0       0x7c C:\Users\a5143778\e2_studio\customized_workspace\RA6T3_MCILV1_SPM_LESS_FOC_E2S_V101\ra\fsp\lib\rm_motor_speed\cm33_gcc\librm_motor_speed.a(rm_motor_speed_disturbance_observer.o)
                0x000065a0                rm_motor_speed_disturbance_observer_run
 .text.rm_motor_speed_fluxwkn_reset
                0x0000661c       0x14 C:\Users\a5143778\e2_studio\customized_workspace\RA6T3_MCILV1_SPM_LESS_FOC_E2S_V101\ra\fsp\lib\rm_motor_speed\cm33_gcc\librm_motor_speed.a(rm_motor_speed_fluxwkn.o)
                0x0000661c                rm_motor_speed_fluxwkn_reset
 .text.rm_motor_speed_fluxwkn_run
                0x00006630      0x170 C:\Users\a5143778\e2_studio\customized_workspace\RA6T3_MCILV1_SPM_LESS_FOC_E2S_V101\ra\fsp\lib\rm_motor_speed\cm33_gcc\librm_motor_speed.a(rm_motor_speed_fluxwkn.o)
                0x00006630                rm_motor_speed_fluxwkn_run
 .text.rm_motor_speed_fluxwkn_set_motor
                0x000067a0       0x64 C:\Users\a5143778\e2_studio\customized_workspace\RA6T3_MCILV1_SPM_LESS_FOC_E2S_V101\ra\fsp\lib\rm_motor_speed\cm33_gcc\librm_motor_speed.a(rm_motor_speed_fluxwkn.o)
                0x000067a0                rm_motor_speed_fluxwkn_set_motor
 .text.rm_motor_speed_fluxwkn_init
                0x00006804       0x94 C:\Users\a5143778\e2_studio\customized_workspace\RA6T3_MCILV1_SPM_LESS_FOC_E2S_V101\ra\fsp\lib\rm_motor_speed\cm33_gcc\librm_motor_speed.a(rm_motor_speed_fluxwkn.o)
                0x00006804                rm_motor_speed_fluxwkn_init
 .text.rm_motor_speed_fluxwkn_set_vamax
                0x00006898       0x24 C:\Users\a5143778\e2_studio\customized_workspace\RA6T3_MCILV1_SPM_LESS_FOC_E2S_V101\ra\fsp\lib\rm_motor_speed\cm33_gcc\librm_motor_speed.a(rm_motor_speed_fluxwkn.o)
                0x00006898                rm_motor_speed_fluxwkn_set_vamax
 .text.rm_motor_speed_fluxwkn_check_bypass
                0x000068bc        0xc C:\Users\a5143778\e2_studio\customized_workspace\RA6T3_MCILV1_SPM_LESS_FOC_E2S_V101\ra\fsp\lib\rm_motor_speed\cm33_gcc\librm_motor_speed.a(rm_motor_speed_fluxwkn.o)
                0x000068bc                rm_motor_speed_fluxwkn_check_bypass
 .text.rm_motor_speed_pi_gain_calc
                0x000068c8       0x58 C:\Users\a5143778\e2_studio\customized_workspace\RA6T3_MCILV1_SPM_LESS_FOC_E2S_V101\ra\fsp\lib\rm_motor_speed\cm33_gcc\librm_motor_speed.a(rm_motor_speed_gain_calc.o)
                0x000068c8                rm_motor_speed_pi_gain_calc
 .text.rm_motor_speed_observer_init
                0x00006920       0x2c C:\Users\a5143778\e2_studio\customized_workspace\RA6T3_MCILV1_SPM_LESS_FOC_E2S_V101\ra\fsp\lib\rm_motor_speed\cm33_gcc\librm_motor_speed.a(rm_motor_speed_observer.o)
                0x00006920                rm_motor_speed_observer_init
 .text.rm_motor_speed_observer_reset
                0x0000694c       0x1c C:\Users\a5143778\e2_studio\customized_workspace\RA6T3_MCILV1_SPM_LESS_FOC_E2S_V101\ra\fsp\lib\rm_motor_speed\cm33_gcc\librm_motor_speed.a(rm_motor_speed_observer.o)
                0x0000694c                rm_motor_speed_observer_reset
 .text.rm_motor_speed_observer_gain_calc
                0x00006968       0xc0 C:\Users\a5143778\e2_studio\customized_workspace\RA6T3_MCILV1_SPM_LESS_FOC_E2S_V101\ra\fsp\lib\rm_motor_speed\cm33_gcc\librm_motor_speed.a(rm_motor_speed_observer.o)
                0x00006968                rm_motor_speed_observer_gain_calc
 .text.rm_motor_speed_observer
                0x00006a28       0xe0 C:\Users\a5143778\e2_studio\customized_workspace\RA6T3_MCILV1_SPM_LESS_FOC_E2S_V101\ra\fsp\lib\rm_motor_speed\cm33_gcc\librm_motor_speed.a(rm_motor_speed_observer.o)
                0x00006a28                rm_motor_speed_observer
 .text.rm_motor_speed_opl2less_iq_calc
                0x00006b08       0x30 C:\Users\a5143778\e2_studio\customized_workspace\RA6T3_MCILV1_SPM_LESS_FOC_E2S_V101\ra\fsp\lib\rm_motor_speed\cm33_gcc\librm_motor_speed.a(rm_motor_speed_opl2less.o)
                0x00006b08                rm_motor_speed_opl2less_iq_calc
 .text.rm_motor_speed_opl2less_torque_current_calc
                0x00006b38       0x50 C:\Users\a5143778\e2_studio\customized_workspace\RA6T3_MCILV1_SPM_LESS_FOC_E2S_V101\ra\fsp\lib\rm_motor_speed\cm33_gcc\librm_motor_speed.a(rm_motor_speed_opl2less.o)
                0x00006b38                rm_motor_speed_opl2less_torque_current_calc
 .text.rm_motor_speed_opl_damp_ctrl
                0x00006b88       0x84 C:\Users\a5143778\e2_studio\customized_workspace\RA6T3_MCILV1_SPM_LESS_FOC_E2S_V101\ra\fsp\lib\rm_motor_speed\cm33_gcc\librm_motor_speed.a(rm_motor_speed_opl_damp_ctrl.o)
                0x00006b88                rm_motor_speed_opl_damp_ctrl
 .text.rm_motor_speed_opl_damp_init
                0x00006c0c        0xc C:\Users\a5143778\e2_studio\customized_workspace\RA6T3_MCILV1_SPM_LESS_FOC_E2S_V101\ra\fsp\lib\rm_motor_speed\cm33_gcc\librm_motor_speed.a(rm_motor_speed_opl_damp_ctrl.o)
                0x00006c0c                rm_motor_speed_opl_damp_init
 .text.rm_motor_speed_opl_damp_reset
                0x00006c18        0x8 C:\Users\a5143778\e2_studio\customized_workspace\RA6T3_MCILV1_SPM_LESS_FOC_E2S_V101\ra\fsp\lib\rm_motor_speed\cm33_gcc\librm_motor_speed.a(rm_motor_speed_opl_damp_ctrl.o)
                0x00006c18                rm_motor_speed_opl_damp_reset
 .text.rm_motor_speed_opl_damp_r_set_gain
                0x00006c20       0xac C:\Users\a5143778\e2_studio\customized_workspace\RA6T3_MCILV1_SPM_LESS_FOC_E2S_V101\ra\fsp\lib\rm_motor_speed\cm33_gcc\librm_motor_speed.a(rm_motor_speed_opl_damp_ctrl.o)
                0x00006c20                rm_motor_speed_opl_damp_r_set_gain
 .text.rm_motor_speed_limitfabs
                0x00006ccc       0x24 C:\Users\a5143778\e2_studio\customized_workspace\RA6T3_MCILV1_SPM_LESS_FOC_E2S_V101\ra\fsp\lib\rm_motor_speed\cm33_gcc\librm_motor_speed.a(rm_motor_speed_opl_damp_ctrl.o)
                0x00006ccc                rm_motor_speed_limitfabs
 .text.rm_motor_speed_first_order_lpf
                0x00006cf0       0x2c C:\Users\a5143778\e2_studio\customized_workspace\RA6T3_MCILV1_SPM_LESS_FOC_E2S_V101\ra\fsp\lib\rm_motor_speed\cm33_gcc\librm_motor_speed.a(rm_motor_speed_opl_damp_ctrl.o)
                0x00006cf0                rm_motor_speed_first_order_lpf
 .text.__errno  0x00006d1c        0xc c:/program files (x86)/gnu arm embedded toolchain/10 2021.10/bin/../lib/gcc/arm-none-eabi/10.3.1/../../../../arm-none-eabi/lib/thumb/v8-m.main+fp/hard\libg_nano.a(lib_a-errno.o)
                0x00006d1c                __errno
 .text.memcpy   0x00006d28       0x1a c:/program files (x86)/gnu arm embedded toolchain/10 2021.10/bin/../lib/gcc/arm-none-eabi/10.3.1/../../../../arm-none-eabi/lib/thumb/v8-m.main+fp/hard\libg_nano.a(lib_a-memcpy-stub.o)
                0x00006d28                memcpy
 .text.memset   0x00006d42       0x10 c:/program files (x86)/gnu arm embedded toolchain/10 2021.10/bin/../lib/gcc/arm-none-eabi/10.3.1/../../../../arm-none-eabi/lib/thumb/v8-m.main+fp/hard\libg_nano.a(lib_a-memset.o)
                0x00006d42                memset
 *fill*         0x00006d52        0x2 ff
 .text.atanf    0x00006d54      0x1b0 c:/program files (x86)/gnu arm embedded toolchain/10 2021.10/bin/../lib/gcc/arm-none-eabi/10.3.1/../../../../arm-none-eabi/lib/thumb/v8-m.main+fp/hard\libm.a(lib_a-sf_atan.o)
                0x00006d54                atanf
 .text.cosf     0x00006f04       0x88 c:/program files (x86)/gnu arm embedded toolchain/10 2021.10/bin/../lib/gcc/arm-none-eabi/10.3.1/../../../../arm-none-eabi/lib/thumb/v8-m.main+fp/hard\libm.a(lib_a-sf_cos.o)
                0x00006f04                cosf
 .text.fabsf    0x00006f8c       0x10 c:/program files (x86)/gnu arm embedded toolchain/10 2021.10/bin/../lib/gcc/arm-none-eabi/10.3.1/../../../../arm-none-eabi/lib/thumb/v8-m.main+fp/hard\libm.a(lib_a-sf_fabs.o)
                0x00006f8c                fabsf
 .text.sinf     0x00006f9c       0x8c c:/program files (x86)/gnu arm embedded toolchain/10 2021.10/bin/../lib/gcc/arm-none-eabi/10.3.1/../../../../arm-none-eabi/lib/thumb/v8-m.main+fp/hard\libm.a(lib_a-sf_sin.o)
                0x00006f9c                sinf
 .text.sqrtf    0x00007028       0x44 c:/program files (x86)/gnu arm embedded toolchain/10 2021.10/bin/../lib/gcc/arm-none-eabi/10.3.1/../../../../arm-none-eabi/lib/thumb/v8-m.main+fp/hard\libm.a(lib_a-wf_sqrt.o)
                0x00007028                sqrtf
 .text.__ieee754_rem_pio2f
                0x0000706c      0x26c c:/program files (x86)/gnu arm embedded toolchain/10 2021.10/bin/../lib/gcc/arm-none-eabi/10.3.1/../../../../arm-none-eabi/lib/thumb/v8-m.main+fp/hard\libm.a(lib_a-ef_rem_pio2.o)
                0x0000706c                __ieee754_rem_pio2f
 .text.__ieee754_sqrtf
                0x000072d8        0x8 c:/program files (x86)/gnu arm embedded toolchain/10 2021.10/bin/../lib/gcc/arm-none-eabi/10.3.1/../../../../arm-none-eabi/lib/thumb/v8-m.main+fp/hard\libm.a(lib_a-ef_sqrt.o)
                0x000072d8                __ieee754_sqrtf
 .text.__kernel_cosf
                0x000072e0      0x104 c:/program files (x86)/gnu arm embedded toolchain/10 2021.10/bin/../lib/gcc/arm-none-eabi/10.3.1/../../../../arm-none-eabi/lib/thumb/v8-m.main+fp/hard\libm.a(lib_a-kf_cos.o)
                0x000072e0                __kernel_cosf
 .text.__kernel_rem_pio2f
                0x000073e4      0x67c c:/program files (x86)/gnu arm embedded toolchain/10 2021.10/bin/../lib/gcc/arm-none-eabi/10.3.1/../../../../arm-none-eabi/lib/thumb/v8-m.main+fp/hard\libm.a(lib_a-kf_rem_pio2.o)
                0x000073e4                __kernel_rem_pio2f
 .text.__kernel_sinf
                0x00007a60       0x90 c:/program files (x86)/gnu arm embedded toolchain/10 2021.10/bin/../lib/gcc/arm-none-eabi/10.3.1/../../../../arm-none-eabi/lib/thumb/v8-m.main+fp/hard\libm.a(lib_a-kf_sin.o)
                0x00007a60                __kernel_sinf
 .text.floorf   0x00007af0        0x8 c:/program files (x86)/gnu arm embedded toolchain/10 2021.10/bin/../lib/gcc/arm-none-eabi/10.3.1/../../../../arm-none-eabi/lib/thumb/v8-m.main+fp/hard\libm.a(lib_a-sf_floor.o)
                0x00007af0                floorf
 .text.scalbnf  0x00007af8       0xe0 c:/program files (x86)/gnu arm embedded toolchain/10 2021.10/bin/../lib/gcc/arm-none-eabi/10.3.1/../../../../arm-none-eabi/lib/thumb/v8-m.main+fp/hard\libm.a(lib_a-sf_scalbn.o)
                0x00007af8                scalbnf
 *(.version)
 .version       0x00007bd8       0x50 ./ra/fsp/src/bsp/mcu/all/bsp_common.o
 *(.init)
 .init          0x00007c28        0x4 c:/program files (x86)/gnu arm embedded toolchain/10 2021.10/bin/../lib/gcc/arm-none-eabi/10.3.1/thumb/v8-m.main+fp/hard/crti.o
                0x00007c28                _init
 .init          0x00007c2c        0x8 c:/program files (x86)/gnu arm embedded toolchain/10 2021.10/bin/../lib/gcc/arm-none-eabi/10.3.1/thumb/v8-m.main+fp/hard/crtn.o
 *(.fini)
 .fini          0x00007c34        0x4 c:/program files (x86)/gnu arm embedded toolchain/10 2021.10/bin/../lib/gcc/arm-none-eabi/10.3.1/thumb/v8-m.main+fp/hard/crti.o
                0x00007c34                _fini
 .fini          0x00007c38        0x8 c:/program files (x86)/gnu arm embedded toolchain/10 2021.10/bin/../lib/gcc/arm-none-eabi/10.3.1/thumb/v8-m.main+fp/hard/crtn.o
 *crtbegin.o(.ctors)
 *crtbegin?.o(.ctors)
 *(EXCLUDE_FILE(*crtend.o *crtend?.o) .ctors)
 *(SORT_BY_NAME(.ctors.*))
 *(.ctors)
 *crtbegin.o(.dtors)
 *crtbegin?.o(.dtors)
 *(EXCLUDE_FILE(*crtend.o *crtend?.o) .dtors)
 *(SORT_BY_NAME(.dtors.*))
 *(.dtors)
 *(.rodata*)
 .rodata.mtr_init.str1.4
                0x00007c40       0x4e ./src/application/main/mtr_main.o
 *fill*         0x00007c8e        0x2 ff
 .rodata.g_elc  0x00007c90        0xc ./ra_gen/common_data.o
                0x00007c90                g_elc
 .rodata.g_ioport
                0x00007c9c        0xc ./ra_gen/common_data.o
                0x00007c9c                g_ioport
 .rodata.g_elc_cfg
                0x00007ca8       0x34 ./ra_gen/elc_data.o
                0x00007ca8                g_elc_cfg
 .rodata.g_adc0
                0x00007cdc       0x10 ./ra_gen/hal_data.o
                0x00007cdc                g_adc0
 .rodata.g_adc0_cfg
                0x00007cec       0x18 ./ra_gen/hal_data.o
                0x00007cec                g_adc0_cfg
 .rodata.g_adc0_cfg_extend
                0x00007d04        0xb ./ra_gen/hal_data.o
                0x00007d04                g_adc0_cfg_extend
 *fill*         0x00007d0f        0x1 ff
 .rodata.g_adc0_channel_cfg
                0x00007d10       0x14 ./ra_gen/hal_data.o
                0x00007d10                g_adc0_channel_cfg
 .rodata.g_motor_angle0
                0x00007d24        0xc ./ra_gen/hal_data.o
                0x00007d24                g_motor_angle0
 .rodata.g_motor_angle0_cfg
                0x00007d30        0x8 ./ra_gen/hal_data.o
                0x00007d30                g_motor_angle0_cfg
 .rodata.g_motor_angle0_extend
                0x00007d38       0x34 ./ra_gen/hal_data.o
                0x00007d38                g_motor_angle0_extend
 .rodata.g_motor_current0
                0x00007d6c        0xc ./ra_gen/hal_data.o
                0x00007d6c                g_motor_current0
 .rodata.g_motor_current0_cfg
                0x00007d78       0x14 ./ra_gen/hal_data.o
                0x00007d78                g_motor_current0_cfg
 .rodata.g_motor_current0_extend
                0x00007d8c       0x44 ./ra_gen/hal_data.o
                0x00007d8c                g_motor_current0_extend
 .rodata.g_motor_driver0
                0x00007dd0        0xc ./ra_gen/hal_data.o
                0x00007dd0                g_motor_driver0
 .rodata.g_motor_driver0_cfg
                0x00007ddc       0x24 ./ra_gen/hal_data.o
                0x00007ddc                g_motor_driver0_cfg
 .rodata.g_motor_driver0_extend
                0x00007e00       0x70 ./ra_gen/hal_data.o
                0x00007e00                g_motor_driver0_extend
 .rodata.g_motor_sensorless0
                0x00007e70        0xc ./ra_gen/hal_data.o
                0x00007e70                g_motor_sensorless0
 .rodata.g_motor_sensorless0_cfg
                0x00007e7c       0x14 ./ra_gen/hal_data.o
                0x00007e7c                g_motor_sensorless0_cfg
 .rodata.g_motor_sensorless0_extend
                0x00007e90       0x10 ./ra_gen/hal_data.o
                0x00007e90                g_motor_sensorless0_extend
 .rodata.g_motor_speed0
                0x00007ea0        0xc ./ra_gen/hal_data.o
                0x00007ea0                g_motor_speed0
 .rodata.g_motor_speed0_cfg
                0x00007eac       0x1c ./ra_gen/hal_data.o
                0x00007eac                g_motor_speed0_cfg
 .rodata.g_motor_speed0_extend
                0x00007ec8       0xa0 ./ra_gen/hal_data.o
                0x00007ec8                g_motor_speed0_extend
 .rodata.g_poeg0
                0x00007f68        0xc ./ra_gen/hal_data.o
                0x00007f68                g_poeg0
 .rodata.g_poeg0_cfg
                0x00007f74       0x18 ./ra_gen/hal_data.o
                0x00007f74                g_poeg0_cfg
 .rodata.g_three_phase0
                0x00007f8c        0xc ./ra_gen/hal_data.o
                0x00007f8c                g_three_phase0
 .rodata.g_three_phase0_cfg
                0x00007f98       0x20 ./ra_gen/hal_data.o
                0x00007f98                g_three_phase0_cfg
 .rodata.g_timer0
                0x00007fb8        0xc ./ra_gen/hal_data.o
                0x00007fb8                g_timer0
 .rodata.g_timer0_cfg
                0x00007fc4       0x20 ./ra_gen/hal_data.o
                0x00007fc4                g_timer0_cfg
 .rodata.g_timer0_extend
                0x00007fe4       0x3c ./ra_gen/hal_data.o
                0x00007fe4                g_timer0_extend
 .rodata.g_timer0_pwm_extend
                0x00008020       0x20 ./ra_gen/hal_data.o
                0x00008020                g_timer0_pwm_extend
 .rodata.g_timer1
                0x00008040        0xc ./ra_gen/hal_data.o
                0x00008040                g_timer1
 .rodata.g_timer1_cfg
                0x0000804c       0x20 ./ra_gen/hal_data.o
                0x0000804c                g_timer1_cfg
 .rodata.g_timer1_extend
                0x0000806c       0x3c ./ra_gen/hal_data.o
                0x0000806c                g_timer1_extend
 .rodata.g_timer1_pwm_extend
                0x000080a8       0x20 ./ra_gen/hal_data.o
                0x000080a8                g_timer1_pwm_extend
 .rodata.g_timer2
                0x000080c8        0xc ./ra_gen/hal_data.o
                0x000080c8                g_timer2
 .rodata.g_timer2_cfg
                0x000080d4       0x20 ./ra_gen/hal_data.o
                0x000080d4                g_timer2_cfg
 .rodata.g_timer2_extend
                0x000080f4       0x3c ./ra_gen/hal_data.o
                0x000080f4                g_timer2_extend
 .rodata.g_timer2_pwm_extend
                0x00008130       0x20 ./ra_gen/hal_data.o
                0x00008130                g_timer2_pwm_extend
 .rodata.g_timer3
                0x00008150        0xc ./ra_gen/hal_data.o
                0x00008150                g_timer3
 .rodata.g_timer3_cfg
                0x0000815c       0x20 ./ra_gen/hal_data.o
                0x0000815c                g_timer3_cfg
 .rodata.g_timer3_extend
                0x0000817c        0x8 ./ra_gen/hal_data.o
                0x0000817c                g_timer3_extend
 .rodata.g_bsp_pin_cfg
                0x00008184        0xc ./ra_gen/pin_data.o
                0x00008184                g_bsp_pin_cfg
 .rodata.g_bsp_pin_cfg_data
                0x00008190      0x148 ./ra_gen/pin_data.o
                0x00008190                g_bsp_pin_cfg_data
 .rodata.g_interrupt_event_link_select
                0x000082d8       0xc0 ./ra_gen/vector_data.o
                0x000082d8                g_interrupt_event_link_select
 .rodata.g_motor_speed_on_motor_speed
                0x00008398       0x28 ./ra/fsp/src/rm_motor_speed/rm_motor_speed.o
                0x00008398                g_motor_speed_on_motor_speed
 .rodata.g_motor_on_sensorless
                0x000083c0       0x38 ./ra/fsp/src/rm_motor_sensorless/rm_motor_sensorless.o
                0x000083c0                g_motor_on_sensorless
 .rodata.motor_sensorless_action_table
                0x000083f8       0x30 ./ra/fsp/src/rm_motor_sensorless/rm_motor_sensorless.o
 .rodata.state_transition_table
                0x00008428        0xc ./ra/fsp/src/rm_motor_sensorless/rm_motor_sensorless.o
 .rodata.g_motor_angle_on_motor_estimate
                0x00008434       0x3c ./ra/fsp/src/rm_motor_estimate/rm_motor_estimate.o
                0x00008434                g_motor_angle_on_motor_estimate
 .rodata.g_motor_driver_on_motor_driver
                0x00008470       0x20 ./ra/fsp/src/rm_motor_driver/rm_motor_driver.o
                0x00008470                g_motor_driver_on_motor_driver
 .rodata.g_motor_current_on_motor_current
                0x00008490       0x30 ./ra/fsp/src/rm_motor_current/rm_motor_current.o
                0x00008490                g_motor_current_on_motor_current
 .rodata.g_poeg_on_poeg
                0x000084c0       0x18 ./ra/fsp/src/r_poeg/r_poeg.o
                0x000084c0                g_poeg_on_poeg
 .rodata.g_ioport_on_ioport
                0x000084d8       0x34 ./ra/fsp/src/r_ioport/r_ioport.o
                0x000084d8                g_ioport_on_ioport
 .rodata.g_vbatt_pins_input
                0x0000850c        0x6 ./ra/fsp/src/r_ioport/r_ioport.o
 *fill*         0x00008512        0x2 ff
 .rodata.g_gpt_three_phase_on_gpt_three_phase
                0x00008514       0x1c ./ra/fsp/src/r_gpt_three_phase/r_gpt_three_phase.o
                0x00008514                g_gpt_three_phase_on_gpt_three_phase
 .rodata.g_timer_on_gpt
                0x00008530       0x34 ./ra/fsp/src/r_gpt/r_gpt.o
                0x00008530                g_timer_on_gpt
 .rodata.g_elc_on_elc
                0x00008564       0x1c ./ra/fsp/src/r_elc/r_elc.o
                0x00008564                g_elc_on_elc
 .rodata.g_timer_on_agt
                0x00008580       0x34 ./ra/fsp/src/r_agt/r_agt.o
                0x00008580                g_timer_on_agt
 .rodata.g_adc_on_adc
                0x000085b4       0x34 ./ra/fsp/src/r_adc/r_adc.o
                0x000085b4                g_adc_on_adc
 .rodata.g_prcr_masks
                0x000085e8        0x8 ./ra/fsp/src/bsp/mcu/all/bsp_register_protection.o
 .rodata.__sf_fake_stderr
                0x000085f0       0x20 c:/program files (x86)/gnu arm embedded toolchain/10 2021.10/bin/../lib/gcc/arm-none-eabi/10.3.1/../../../../arm-none-eabi/lib/thumb/v8-m.main+fp/hard\libc_nano.a(lib_a-findfp.o)
                0x000085f0                __sf_fake_stderr
 .rodata.__sf_fake_stdin
                0x00008610       0x20 c:/program files (x86)/gnu arm embedded toolchain/10 2021.10/bin/../lib/gcc/arm-none-eabi/10.3.1/../../../../arm-none-eabi/lib/thumb/v8-m.main+fp/hard\libc_nano.a(lib_a-findfp.o)
                0x00008610                __sf_fake_stdin
 .rodata.__sf_fake_stdout
                0x00008630       0x20 c:/program files (x86)/gnu arm embedded toolchain/10 2021.10/bin/../lib/gcc/arm-none-eabi/10.3.1/../../../../arm-none-eabi/lib/thumb/v8-m.main+fp/hard\libc_nano.a(lib_a-findfp.o)
                0x00008630                __sf_fake_stdout
 .rodata.atanhi
                0x00008650       0x10 c:/program files (x86)/gnu arm embedded toolchain/10 2021.10/bin/../lib/gcc/arm-none-eabi/10.3.1/../../../../arm-none-eabi/lib/thumb/v8-m.main+fp/hard\libm.a(lib_a-sf_atan.o)
 .rodata.atanlo
                0x00008660       0x10 c:/program files (x86)/gnu arm embedded toolchain/10 2021.10/bin/../lib/gcc/arm-none-eabi/10.3.1/../../../../arm-none-eabi/lib/thumb/v8-m.main+fp/hard\libm.a(lib_a-sf_atan.o)
 .rodata.npio2_hw
                0x00008670       0x80 c:/program files (x86)/gnu arm embedded toolchain/10 2021.10/bin/../lib/gcc/arm-none-eabi/10.3.1/../../../../arm-none-eabi/lib/thumb/v8-m.main+fp/hard\libm.a(lib_a-ef_rem_pio2.o)
 .rodata.two_over_pi
                0x000086f0      0x318 c:/program files (x86)/gnu arm embedded toolchain/10 2021.10/bin/../lib/gcc/arm-none-eabi/10.3.1/../../../../arm-none-eabi/lib/thumb/v8-m.main+fp/hard\libm.a(lib_a-ef_rem_pio2.o)
 .rodata.PIo2   0x00008a08       0x2c c:/program files (x86)/gnu arm embedded toolchain/10 2021.10/bin/../lib/gcc/arm-none-eabi/10.3.1/../../../../arm-none-eabi/lib/thumb/v8-m.main+fp/hard\libm.a(lib_a-kf_rem_pio2.o)
 .rodata.init_jk
                0x00008a34        0xc c:/program files (x86)/gnu arm embedded toolchain/10 2021.10/bin/../lib/gcc/arm-none-eabi/10.3.1/../../../../arm-none-eabi/lib/thumb/v8-m.main+fp/hard\libm.a(lib_a-kf_rem_pio2.o)
                0x00008a40                __usb_dev_descriptor_start_fs = .
 *(.usb_device_desc_fs*)
                0x00008a40                __usb_cfg_descriptor_start_fs = .
 *(.usb_config_desc_fs*)
                0x00008a40                __usb_interface_descriptor_start_fs = .
 *(.usb_interface_desc_fs*)
                0x00008a40                __usb_descriptor_end_fs = .
                0x00008a40                __usb_dev_descriptor_start_hs = .
 *(.usb_device_desc_hs*)
                0x00008a40                __usb_cfg_descriptor_start_hs = .
 *(.usb_config_desc_hs*)
                0x00008a40                __usb_interface_descriptor_start_hs = .
 *(.usb_interface_desc_hs*)
                0x00008a40                __usb_descriptor_end_hs = .
 *(.eh_frame*)
 .eh_frame      0x00008a40        0x0 c:/program files (x86)/gnu arm embedded toolchain/10 2021.10/bin/../lib/gcc/arm-none-eabi/10.3.1/thumb/v8-m.main+fp/hard/crtbegin.o
 .eh_frame      0x00008a40        0x4 c:/program files (x86)/gnu arm embedded toolchain/10 2021.10/bin/../lib/gcc/arm-none-eabi/10.3.1/thumb/v8-m.main+fp/hard/crtend.o
                0x00008a44                __ROM_End = .
                0x000001c0                __Vectors_Size = (__Vectors_End - __Vectors)

.glue_7         0x00008a44        0x0
 .glue_7        0x00008a44        0x0 linker stubs

.glue_7t        0x00008a44        0x0
 .glue_7t       0x00008a44        0x0 linker stubs

.vfp11_veneer   0x00008a44        0x0
 .vfp11_veneer  0x00008a44        0x0 linker stubs

.v4_bx          0x00008a44        0x0
 .v4_bx         0x00008a44        0x0 linker stubs

.iplt           0x00008a44        0x0
 .iplt          0x00008a44        0x0 c:/program files (x86)/gnu arm embedded toolchain/10 2021.10/bin/../lib/gcc/arm-none-eabi/10.3.1/thumb/v8-m.main+fp/hard/crtbegin.o
                0x00008a44                . = .
                0x00008a44                __itcm_data_pre_location = .

.itcm_data      0x00000000        0x0 load address 0x00008a50
                0x00000000                __tz_ITCM_S = ABSOLUTE (ITCM_START)
                0x00000000                __itcm_data_start = .
 *(.itcm_data*)
                0x00000000                . = ALIGN (0x8)
                0x00000000                __itcm_data_end = .
                0x00000000                __tz_ITCM_N = DEFINED (ITCM_NS_START)?ABSOLUTE (ITCM_NS_START):ALIGN (__itcm_data_end, 0x2000)
                0x00008a50                __itcm_data_init_start = LOADADDR (.itcm_data)
                0x00008a50                __itcm_data_init_end = (LOADADDR (.itcm_data) + SIZEOF (.itcm_data))
                0x00000001                ASSERT (((ORIGIN (ITCM) % 0x8) == 0x0), ITCM memory region origin must be aligned to 8 bytes.)
                0x00000001                ASSERT (((LENGTH (ITCM) % 0x8) == 0x0), ITCM memory region length must be a multiple of 8 bytes.)
                0x00000001                ASSERT (((LOADADDR (.itcm_data) % 0x10) == 0x0), .itcm_data section must be aligned to 16 bytes.)
                0x00000001                ASSERT (((SIZEOF (.itcm_data) % 0x8) == 0x0), .itcm_data section size must be a multiple of 8 bytes.)
                0x00008a44                . = (SIZEOF (.itcm_data) > 0x0)?__itcm_data_init_end:__itcm_data_pre_location
                0x00008a44                __exidx_start = .

/DISCARD/
 *(.ARM.extab* .gnu.linkonce.armextab.*)
 *(.ARM.exidx* .gnu.linkonce.armexidx.*)
                0x00008a44                __exidx_end = .
                0x00008a44                __etext = .
                0x20000000                __tz_RAM_S = ORIGIN (RAM)

.fsp_dtc_vector_table
                0x20000000        0x0
                0x20000000                . = ORIGIN (RAM)
 *(.fsp_dtc_vector_table)

.data           0x20000000       0x8c load address 0x00008a44
                0x20000000                __data_start__ = .
                0x20000000                . = ALIGN (0x4)
                0x20000000                __Code_In_RAM_Start = .
 *(.code_in_ram*)
                0x20000000                __Code_In_RAM_End = .
 *(vtable)
 *(.data.*)
 .data.g_motor_current0_design
                0x20000000        0x8 ./ra_gen/hal_data.o
                0x20000000                g_motor_current0_design
 .data.g_motor_current0_motor
                0x20000008       0x18 ./ra_gen/hal_data.o
                0x20000008                g_motor_current0_motor
 .data._impure_ptr
                0x20000020        0x4 c:/program files (x86)/gnu arm embedded toolchain/10 2021.10/bin/../lib/gcc/arm-none-eabi/10.3.1/../../../../arm-none-eabi/lib/thumb/v8-m.main+fp/hard\libg_nano.a(lib_a-impure.o)
                0x20000020                _impure_ptr
 .data.impure_data
                0x20000024       0x60 c:/program files (x86)/gnu arm embedded toolchain/10 2021.10/bin/../lib/gcc/arm-none-eabi/10.3.1/../../../../arm-none-eabi/lib/thumb/v8-m.main+fp/hard\libg_nano.a(lib_a-impure.o)
 *(.data)
                0x20000084                . = ALIGN (0x4)
                0x20000084                PROVIDE (__preinit_array_start = .)
 *(.preinit_array)
                0x20000084                PROVIDE (__preinit_array_end = .)
                0x20000084                . = ALIGN (0x4)
                0x20000084                PROVIDE (__init_array_start = .)
 *(SORT_BY_NAME(.init_array.*))
 *(.init_array)
 .init_array    0x20000084        0x4 c:/program files (x86)/gnu arm embedded toolchain/10 2021.10/bin/../lib/gcc/arm-none-eabi/10.3.1/thumb/v8-m.main+fp/hard/crtbegin.o
                0x20000088                PROVIDE (__init_array_end = .)
                0x20000088                . = ALIGN (0x4)
                [!provide]                PROVIDE (__fini_array_start = .)
 *(SORT_BY_NAME(.fini_array.*))
 *(.fini_array)
 .fini_array    0x20000088        0x4 c:/program files (x86)/gnu arm embedded toolchain/10 2021.10/bin/../lib/gcc/arm-none-eabi/10.3.1/thumb/v8-m.main+fp/hard/crtbegin.o
                [!provide]                PROVIDE (__fini_array_end = .)
 *(.jcr*)
                0x2000008c                . = ALIGN (0x4)
                0x2000008c                __data_end__ = .

.igot.plt       0x2000008c        0x0 load address 0x00008ad0
 .igot.plt      0x2000008c        0x0 c:/program files (x86)/gnu arm embedded toolchain/10 2021.10/bin/../lib/gcc/arm-none-eabi/10.3.1/thumb/v8-m.main+fp/hard/crtbegin.o
                0x2000008c                . = .
                0x00008ad0                __dtcm_data_pre_location = (LOADADDR (.data) + SIZEOF (.data))

.dtcm_data      0x00000000        0x0 load address 0x00008ad0
                0x00000000                __tz_DTCM_S = ABSOLUTE (DTCM_START)
                0x00000000                __dtcm_data_start = .
 *(.dtcm_data*)
                0x00000000                . = ALIGN (0x8)
                0x00000000                __dtcm_data_end = .
                0x00000000                . = __dtcm_data_end

.dtcm_bss       0x00000000        0x0
                0x00000000                __dtcm_bss_start = .
 *(.dtcm_bss*)
                0x00000000                . = ALIGN (0x8)
                0x00000000                __dtcm_bss_end = .
                0x00000000                __tz_DTCM_N = DEFINED (DTCM_NS_START)?ABSOLUTE (DTCM_NS_START):ALIGN (__dtcm_bss_end, 0x2000)
                0x00008ad0                __dtcm_data_init_start = LOADADDR (.dtcm_data)
                0x00008ad0                __dtcm_data_init_end = (LOADADDR (.dtcm_data) + SIZEOF (.dtcm_data))
                0x00000001                ASSERT (((ORIGIN (DTCM) % 0x8) == 0x0), DTCM memory region origin must be aligned to 8 bytes.)
                0x00000001                ASSERT (((LENGTH (DTCM) % 0x8) == 0x0), DTCM memory region length must be a multiple of 8 bytes.)
                0x00000001                ASSERT ((LOADADDR (.dtcm_bss) == ADDR (.dtcm_bss)), .dtcm_bss has (VMA != LMA) but should be NOLOAD (VMA == LMA).)
                0x00000001                ASSERT (((LOADADDR (.dtcm_data) % 0x10) == 0x0), .dtcm_data section must be aligned to 16 bytes.)
                0x00000001                ASSERT (((SIZEOF (.dtcm_data) % 0x8) == 0x0), .dtcm_data section size must be a multiple of 8 bytes.)
                0x00000001                ASSERT (((LOADADDR (.dtcm_bss) % 0x8) == 0x0), .dtcm_bss section must be aligned to 8 bytes.)
                0x00000001                ASSERT (((SIZEOF (.dtcm_bss) % 0x8) == 0x0), .dtcm_bss section size must be a multiple of 8 bytes.)
                0x00000001                ASSERT ((__dtcm_bss_start == __dtcm_data_end), .dtcm_bss section is not adjacent to .dtcm_data section.)
                0x00008ad0                . = (SIZEOF (.dtcm_data) > 0x0)?__dtcm_data_init_end:__dtcm_data_pre_location
                0x00008ad0                sgstubs_pre_location = .
                0x00008c00                SGSTUBS_LOC = (DEFINED (PROJECT_SECURE) && DEFINED (FLASH_NSC_START))?ABSOLUTE (FLASH_NSC_START):ALIGN (0x400)

.gnu.sgstubs    0x00008c00        0x0
                0x00008c00                __tz_FLASH_C = DEFINED (FLASH_NSC_START)?ABSOLUTE (FLASH_NSC_START):__RESERVE_NS_RAM?ABSOLUTE ((FLASH_START + FLASH_LENGTH)):ALIGN (0x400)
                0x00008c00                _start_sg = .
 *(.gnu.sgstubs*)
                0x00008c00                . = ALIGN (0x20)
                0x00008c00                _end_sg = .
                0x00010000                __tz_FLASH_N = DEFINED (FLASH_NS_START)?ABSOLUTE (FLASH_NS_START):__RESERVE_NS_RAM?ABSOLUTE ((FLASH_START + FLASH_LENGTH)):(FLASH_LENGTH < 0x8000)?FLASH_LENGTH:ALIGN (0x8000)
                0x00010000                FLASH_NS_IMAGE_START = DEFINED (FLASH_NS_IMAGE_START)?FLASH_NS_IMAGE_START:__tz_FLASH_N
                0x60000000                __tz_QSPI_FLASH_S = ORIGIN (QSPI_FLASH)

.qspi_flash     0x60000000        0x0
                0x60000000                __qspi_flash_start__ = .
 *(.qspi_flash*)
 *(.code_in_qspi*)
                0x60000000                __qspi_flash_end__ = .
                0x00000000                __qspi_flash_code_size__ = (__qspi_flash_end__ - __qspi_flash_start__)
                0x00008ad0                __qspi_flash_code_addr__ = sgstubs_pre_location

.qspi_non_retentive
                0x60000000        0x0 load address 0x00008ad0
                0x60000000                __qspi_non_retentive_start__ = .
 *(.qspi_non_retentive*)
                0x60000000                __qspi_non_retentive_end__ = .
                0x00000000                __qspi_non_retentive_size__ = (__qspi_non_retentive_end__ - __qspi_non_retentive_start__)
                0x04000000                __qspi_region_max_size__ = 0x4000000
                0x60000000                __qspi_region_start_address__ = __qspi_flash_start__
                0x64000000                __qspi_region_end_address__ = (__qspi_flash_start__ + __qspi_region_max_size__)
                0x60000000                __tz_QSPI_FLASH_N = __qspi_non_retentive_end__

.OSPI_DEVICE_0_NO_LOAD
                0x80020000        0x0
                0x80020000                . = ALIGN (0x4)
                0x80020000                __ospi_device_0_start__ = .
 *(.ospi_device_0_no_load*)
                0x80020000                . = ALIGN (0x4)
                0x80020000                __ospi_device_0_end__ = .

.OSPI_DEVICE_1_NO_LOAD
                0x80030000        0x0
                0x80030000                . = ALIGN (0x4)
                0x80030000                __ospi_device_1_start__ = .
 *(.ospi_device_1_no_load*)
                0x80030000                . = ALIGN (0x4)
                0x80030000                __ospi_device_1_end__ = .
                0x80020000                __tz_OSPI_DEVICE_0_S = ORIGIN (OSPI_DEVICE_0)

.OSPI_DEVICE_0  0x80020000        0x0
                0x80020000                __ospi_device_0_start__ = .
 *(.ospi_device_0*)
 *(.code_in_ospi_device_0*)
                0x80020000                __ospi_device_0_end__ = .
                0x00000000                __ospi_device_0_code_size__ = (__ospi_device_0_end__ - __ospi_device_0_start__)
                0x00008ad0                __ospi_device_0_code_addr__ = (sgstubs_pre_location + SIZEOF (.qspi_non_retentive))

.ospi_device_0_non_retentive
                0x80020000        0x0 load address 0x00008ad0
                0x80020000                __ospi_device_0_non_retentive_start__ = .
 *(.ospi_device_0_non_retentive*)
                0x80020000                __ospi_device_0_non_retentive_end__ = .
                0x00000000                __ospi_device_0_non_retentive_size__ = (__ospi_device_0_non_retentive_end__ - __ospi_device_0_non_retentive_start__)
                0x08000000                __ospi_device_0_region_max_size__ = 0x8000000
                0x80020000                __ospi_device_0_region_start_address__ = __ospi_device_0_start__
                0x88020000                __ospi_device_0_region_end_address__ = (__ospi_device_0_start__ + __ospi_device_0_region_max_size__)
                0x80020000                __tz_OSPI_DEVICE_0_N = __ospi_device_0_non_retentive_end__
                0x80030000                __tz_OSPI_DEVICE_1_S = ORIGIN (OSPI_DEVICE_1)

.OSPI_DEVICE_1  0x80030000        0x0
                0x80030000                __ospi_device_1_start__ = .
 *(.ospi_device_1*)
 *(.code_in_ospi_device_1*)
                0x80030000                __ospi_device_1_end__ = .
                0x00000000                __ospi_device_1_code_size__ = (__ospi_device_1_end__ - __ospi_device_1_start__)
                0x00008ad0                __ospi_device_1_code_addr__ = (sgstubs_pre_location + (SIZEOF (.qspi_non_retentive) + SIZEOF (.ospi_device_0_non_retentive)))

.ospi_device_1_non_retentive
                0x80030000        0x0 load address 0x00008ad0
                0x80030000                __ospi_device_1_non_retentive_start__ = .
 *(.ospi_device_1_non_retentive*)
                0x80030000                __ospi_device_1_non_retentive_end__ = .
                0x00000000                __ospi_device_1_non_retentive_size__ = (__ospi_device_1_non_retentive_end__ - __ospi_device_1_non_retentive_start__)
                0x10000000                __ospi_device_1_region_max_size__ = 0x10000000
                0x80030000                __ospi_device_1_region_start_address__ = __ospi_device_1_start__
                0x90030000                __ospi_device_1_region_end_address__ = (__ospi_device_1_start__ + __ospi_device_1_region_max_size__)
                0x80030000                __tz_OSPI_DEVICE_1_N = __ospi_device_1_non_retentive_end__

.noinit         0x2000008c       0x1c
                0x2000008c                . = ALIGN (0x4)
                0x2000008c                __noinit_start = .
 *(.noinit*)
 .noinit        0x2000008c       0x18 ./ra/fsp/src/bsp/mcu/all/bsp_clocks.o
                0x200000a8                . = ALIGN (0x8)
 *fill*         0x200000a4        0x4 
 *(.heap.*)
                0x200000a8                __noinit_end = .

.bss            0x200000a8      0xb94
                0x200000a8                . = ALIGN (0x4)
                0x200000a8                __bss_start__ = .
 *(.bss*)
 .bss           0x200000a8       0x1c c:/program files (x86)/gnu arm embedded toolchain/10 2021.10/bin/../lib/gcc/arm-none-eabi/10.3.1/thumb/v8-m.main+fp/hard/crtbegin.o
 .bss.com_f4_current_omega
                0x200000c4        0x4 ./src/application/user_interface/ics/r_mtr_ics.o
                0x200000c4                com_f4_current_omega
 .bss.com_f4_current_zeta
                0x200000c8        0x4 ./src/application/user_interface/ics/r_mtr_ics.o
                0x200000c8                com_f4_current_zeta
 .bss.com_f4_e_obs_omega
                0x200000cc        0x4 ./src/application/user_interface/ics/r_mtr_ics.o
                0x200000cc                com_f4_e_obs_omega
 .bss.com_f4_e_obs_zeta
                0x200000d0        0x4 ./src/application/user_interface/ics/r_mtr_ics.o
                0x200000d0                com_f4_e_obs_zeta
 .bss.com_f4_id_down_speed_rpm
                0x200000d4        0x4 ./src/application/user_interface/ics/r_mtr_ics.o
                0x200000d4                com_f4_id_down_speed_rpm
 .bss.com_f4_id_up_speed_rpm
                0x200000d8        0x4 ./src/application/user_interface/ics/r_mtr_ics.o
                0x200000d8                com_f4_id_up_speed_rpm
 .bss.com_f4_iq_limit
                0x200000dc        0x4 ./src/application/user_interface/ics/r_mtr_ics.o
                0x200000dc                com_f4_iq_limit
 .bss.com_f4_limit_speed_change
                0x200000e0        0x4 ./src/application/user_interface/ics/r_mtr_ics.o
                0x200000e0                com_f4_limit_speed_change
 .bss.com_f4_max_speed_rpm
                0x200000e4        0x4 ./src/application/user_interface/ics/r_mtr_ics.o
                0x200000e4                com_f4_max_speed_rpm
 .bss.com_f4_mtr_j
                0x200000e8        0x4 ./src/application/user_interface/ics/r_mtr_ics.o
                0x200000e8                com_f4_mtr_j
 .bss.com_f4_mtr_ld
                0x200000ec        0x4 ./src/application/user_interface/ics/r_mtr_ics.o
                0x200000ec                com_f4_mtr_ld
 .bss.com_f4_mtr_lq
                0x200000f0        0x4 ./src/application/user_interface/ics/r_mtr_ics.o
                0x200000f0                com_f4_mtr_lq
 .bss.com_f4_mtr_m
                0x200000f4        0x4 ./src/application/user_interface/ics/r_mtr_ics.o
                0x200000f4                com_f4_mtr_m
 .bss.com_f4_mtr_r
                0x200000f8        0x4 ./src/application/user_interface/ics/r_mtr_ics.o
                0x200000f8                com_f4_mtr_r
 .bss.com_f4_ol_id_down_step
                0x200000fc        0x4 ./src/application/user_interface/ics/r_mtr_ics.o
                0x200000fc                com_f4_ol_id_down_step
 .bss.com_f4_ol_id_up_step
                0x20000100        0x4 ./src/application/user_interface/ics/r_mtr_ics.o
                0x20000100                com_f4_ol_id_up_step
 .bss.com_f4_overcurrent_limit
                0x20000104        0x4 ./src/application/user_interface/ics/r_mtr_ics.o
                0x20000104                com_f4_overcurrent_limit
 .bss.com_f4_overspeed_limit_rpm
                0x20000108        0x4 ./src/application/user_interface/ics/r_mtr_ics.o
                0x20000108                com_f4_overspeed_limit_rpm
 .bss.com_f4_pll_est_omega
                0x2000010c        0x4 ./src/application/user_interface/ics/r_mtr_ics.o
                0x2000010c                com_f4_pll_est_omega
 .bss.com_f4_pll_est_zeta
                0x20000110        0x4 ./src/application/user_interface/ics/r_mtr_ics.o
                0x20000110                com_f4_pll_est_zeta
 .bss.com_f4_ref_id
                0x20000114        0x4 ./src/application/user_interface/ics/r_mtr_ics.o
                0x20000114                com_f4_ref_id
 .bss.com_f4_ref_speed_rpm
                0x20000118        0x4 ./src/application/user_interface/ics/r_mtr_ics.o
                0x20000118                com_f4_ref_speed_rpm
 .bss.com_f4_speed_omega
                0x2000011c        0x4 ./src/application/user_interface/ics/r_mtr_ics.o
                0x2000011c                com_f4_speed_omega
 .bss.com_f4_speed_zeta
                0x20000120        0x4 ./src/application/user_interface/ics/r_mtr_ics.o
                0x20000120                com_f4_speed_zeta
 .bss.com_u1_enable_write
                0x20000124        0x1 ./src/application/user_interface/ics/r_mtr_ics.o
                0x20000124                com_u1_enable_write
 *fill*         0x20000125        0x1 
 .bss.com_u2_mtr_pp
                0x20000126        0x2 ./src/application/user_interface/ics/r_mtr_ics.o
                0x20000126                com_u2_mtr_pp
 .bss.g_f4_angle_rad_monitor
                0x20000128        0x4 ./src/application/user_interface/ics/r_mtr_ics.o
                0x20000128                g_f4_angle_rad_monitor
 .bss.g_f4_current_ki_d_monitor
                0x2000012c        0x4 ./src/application/user_interface/ics/r_mtr_ics.o
                0x2000012c                g_f4_current_ki_d_monitor
 .bss.g_f4_current_ki_q_monitor
                0x20000130        0x4 ./src/application/user_interface/ics/r_mtr_ics.o
                0x20000130                g_f4_current_ki_q_monitor
 .bss.g_f4_current_kp_d_monitor
                0x20000134        0x4 ./src/application/user_interface/ics/r_mtr_ics.o
                0x20000134                g_f4_current_kp_d_monitor
 .bss.g_f4_current_kp_q_monitor
                0x20000138        0x4 ./src/application/user_interface/ics/r_mtr_ics.o
                0x20000138                g_f4_current_kp_q_monitor
 .bss.g_f4_ed_monitor
                0x2000013c        0x4 ./src/application/user_interface/ics/r_mtr_ics.o
                0x2000013c                g_f4_ed_monitor
 .bss.g_f4_eq_monitor
                0x20000140        0x4 ./src/application/user_interface/ics/r_mtr_ics.o
                0x20000140                g_f4_eq_monitor
 .bss.g_f4_id_ad_monitor
                0x20000144        0x4 ./src/application/user_interface/ics/r_mtr_ics.o
                0x20000144                g_f4_id_ad_monitor
 .bss.g_f4_id_ref_monitor
                0x20000148        0x4 ./src/application/user_interface/ics/r_mtr_ics.o
                0x20000148                g_f4_id_ref_monitor
 .bss.g_f4_iq_ad_monitor